Archive member included to satisfy reference by file (symbol)

c:/intelfpga/18.1/nios2eds/bin/gnu/h-x86_64-mingw32/bin/../lib/gcc/nios2-elf/5.3.0\libgcc.a(lib2-divmod.o)
                              obj/default/gyro.o (__divsi3)
../gyrosco_bsp/\libhal_bsp.a(alt_load.o)
                              ../gyrosco_bsp//obj/HAL/src/crt0.o (alt_load)
../gyrosco_bsp/\libhal_bsp.a(alt_main.o)
                              ../gyrosco_bsp//obj/HAL/src/crt0.o (alt_main)
../gyrosco_bsp/\libhal_bsp.a(alt_sys_init.o)
                              ../gyrosco_bsp/\libhal_bsp.a(alt_main.o) (alt_irq_init)
../gyrosco_bsp/\libhal_bsp.a(altera_avalon_jtag_uart_fd.o)
                              ../gyrosco_bsp/\libhal_bsp.a(alt_sys_init.o) (altera_avalon_jtag_uart_read_fd)
../gyrosco_bsp/\libhal_bsp.a(altera_avalon_jtag_uart_read.o)
                              ../gyrosco_bsp/\libhal_bsp.a(altera_avalon_jtag_uart_fd.o) (altera_avalon_jtag_uart_read)
../gyrosco_bsp/\libhal_bsp.a(altera_avalon_jtag_uart_write.o)
                              ../gyrosco_bsp/\libhal_bsp.a(altera_avalon_jtag_uart_fd.o) (altera_avalon_jtag_uart_write)
../gyrosco_bsp/\libhal_bsp.a(altera_avalon_timer_sc.o)
                              ../gyrosco_bsp/\libhal_bsp.a(alt_sys_init.o) (alt_avalon_timer_sc_init)
../gyrosco_bsp/\libhal_bsp.a(altera_up_avalon_accelerometer_spi.o)
                              obj/default/gyro.o (alt_up_accelerometer_spi_open_dev)
../gyrosco_bsp/\libhal_bsp.a(alt_close.o)
                              ../gyrosco_bsp/\libhal_bsp.a(alt_main.o) (close)
../gyrosco_bsp/\libhal_bsp.a(alt_dcache_flush_all.o)
                              ../gyrosco_bsp/\libhal_bsp.a(alt_load.o) (alt_dcache_flush_all)
../gyrosco_bsp/\libhal_bsp.a(alt_dev.o)
                              ../gyrosco_bsp/\libhal_bsp.a(alt_sys_init.o) (alt_dev_list)
../gyrosco_bsp/\libhal_bsp.a(alt_dev_llist_insert.o)
                              ../gyrosco_bsp/\libhal_bsp.a(alt_sys_init.o) (alt_dev_llist_insert)
../gyrosco_bsp/\libhal_bsp.a(alt_do_ctors.o)
                              ../gyrosco_bsp/\libhal_bsp.a(alt_main.o) (_do_ctors)
../gyrosco_bsp/\libhal_bsp.a(alt_do_dtors.o)
                              ../gyrosco_bsp/\libhal_bsp.a(alt_main.o) (_do_dtors)
../gyrosco_bsp/\libhal_bsp.a(alt_errno.o)
                              ../gyrosco_bsp/\libhal_bsp.a(alt_close.o) (alt_errno)
../gyrosco_bsp/\libhal_bsp.a(alt_find_dev.o)
                              ../gyrosco_bsp/\libhal_bsp.a(altera_up_avalon_accelerometer_spi.o) (alt_find_dev)
../gyrosco_bsp/\libhal_bsp.a(alt_icache_flush_all.o)
                              ../gyrosco_bsp/\libhal_bsp.a(alt_load.o) (alt_icache_flush_all)
../gyrosco_bsp/\libhal_bsp.a(alt_io_redirect.o)
                              ../gyrosco_bsp/\libhal_bsp.a(alt_main.o) (alt_io_redirect)
../gyrosco_bsp/\libhal_bsp.a(alt_irq_register.o)
                              ../gyrosco_bsp/\libhal_bsp.a(altera_avalon_timer_sc.o) (alt_irq_register)
../gyrosco_bsp/\libhal_bsp.a(alt_irq_vars.o)
                              ../gyrosco_bsp/\libhal_bsp.a(alt_irq_register.o) (alt_irq_active)
../gyrosco_bsp/\libhal_bsp.a(alt_open.o)
                              ../gyrosco_bsp/\libhal_bsp.a(alt_io_redirect.o) (open)
../gyrosco_bsp/\libhal_bsp.a(alt_release_fd.o)
                              ../gyrosco_bsp/\libhal_bsp.a(alt_close.o) (alt_release_fd)
../gyrosco_bsp/\libhal_bsp.a(alt_tick.o)
                              ../gyrosco_bsp/\libhal_bsp.a(altera_avalon_timer_sc.o) (_alt_tick_rate)
../gyrosco_bsp/\libhal_bsp.a(altera_nios2_gen2_irq.o)
                              ../gyrosco_bsp/\libhal_bsp.a(alt_sys_init.o) (altera_nios2_gen2_irq_init)
../gyrosco_bsp/\libhal_bsp.a(alt_find_file.o)
                              ../gyrosco_bsp/\libhal_bsp.a(alt_open.o) (alt_find_file)
../gyrosco_bsp/\libhal_bsp.a(alt_get_fd.o)
                              ../gyrosco_bsp/\libhal_bsp.a(alt_open.o) (alt_get_fd)
../gyrosco_bsp/\libhal_bsp.a(alt_icache_flush.o)
                              ../gyrosco_bsp/\libhal_bsp.a(alt_icache_flush_all.o) (alt_icache_flush)
../gyrosco_bsp/\libhal_bsp.a(alt_irq_entry.o)
                              ../gyrosco_bsp/\libhal_bsp.a(alt_irq_register.o) (alt_irq_entry)
../gyrosco_bsp/\libhal_bsp.a(alt_irq_handler.o)
                              ../gyrosco_bsp/\libhal_bsp.a(alt_irq_register.o) (alt_irq)
../gyrosco_bsp/\libhal_bsp.a(alt_exception_entry.o)
                              ../gyrosco_bsp/\libhal_bsp.a(alt_irq_entry.o) (alt_exception)
../gyrosco_bsp/\libhal_bsp.a(alt_instruction_exception_entry.o)
                              ../gyrosco_bsp/\libhal_bsp.a(alt_exception_entry.o) (alt_instruction_exception_entry)
c:/intelfpga/18.1/nios2eds/bin/gnu/h-x86_64-mingw32/bin/../lib/gcc/nios2-elf/5.3.0/../../../../../H-x86_64-mingw32/nios2-elf/lib\libsmallc.a(lib_a-atexit.o)
                              ../gyrosco_bsp/\libhal_bsp.a(alt_main.o) (atexit)
c:/intelfpga/18.1/nios2eds/bin/gnu/h-x86_64-mingw32/bin/../lib/gcc/nios2-elf/5.3.0/../../../../../H-x86_64-mingw32/nios2-elf/lib\libsmallc.a(lib_a-exit.o)
                              ../gyrosco_bsp/\libhal_bsp.a(alt_main.o) (exit)
c:/intelfpga/18.1/nios2eds/bin/gnu/h-x86_64-mingw32/bin/../lib/gcc/nios2-elf/5.3.0/../../../../../H-x86_64-mingw32/nios2-elf/lib\libsmallc.a(lib_a-int_errno.o)
                              ../gyrosco_bsp/\libhal_bsp.a(alt_close.o) (errno)
c:/intelfpga/18.1/nios2eds/bin/gnu/h-x86_64-mingw32/bin/../lib/gcc/nios2-elf/5.3.0/../../../../../H-x86_64-mingw32/nios2-elf/lib\libsmallc.a(lib_a-memcmp.o)
                              ../gyrosco_bsp/\libhal_bsp.a(alt_find_dev.o) (memcmp)
c:/intelfpga/18.1/nios2eds/bin/gnu/h-x86_64-mingw32/bin/../lib/gcc/nios2-elf/5.3.0/../../../../../H-x86_64-mingw32/nios2-elf/lib\libsmallc.a(lib_a-strlen.o)
                              ../gyrosco_bsp/\libhal_bsp.a(alt_find_dev.o) (strlen)
c:/intelfpga/18.1/nios2eds/bin/gnu/h-x86_64-mingw32/bin/../lib/gcc/nios2-elf/5.3.0/../../../../../H-x86_64-mingw32/nios2-elf/lib\libsmallc.a(lib_a-__atexit.o)
                              c:/intelfpga/18.1/nios2eds/bin/gnu/h-x86_64-mingw32/bin/../lib/gcc/nios2-elf/5.3.0/../../../../../H-x86_64-mingw32/nios2-elf/lib\libsmallc.a(lib_a-atexit.o) (__register_exitproc)
c:/intelfpga/18.1/nios2eds/bin/gnu/h-x86_64-mingw32/bin/../lib/gcc/nios2-elf/5.3.0/../../../../../H-x86_64-mingw32/nios2-elf/lib\libsmallc.a(lib_a-__call_atexit.o)
                              c:/intelfpga/18.1/nios2eds/bin/gnu/h-x86_64-mingw32/bin/../lib/gcc/nios2-elf/5.3.0/../../../../../H-x86_64-mingw32/nios2-elf/lib\libsmallc.a(lib_a-exit.o) (__call_exitprocs)
c:/intelfpga/18.1/nios2eds/bin/gnu/h-x86_64-mingw32/bin/../lib/gcc/nios2-elf/5.3.0/../../../../../H-x86_64-mingw32/nios2-elf/lib\libsmallc.a(lib_a-impure.o)
                              c:/intelfpga/18.1/nios2eds/bin/gnu/h-x86_64-mingw32/bin/../lib/gcc/nios2-elf/5.3.0/../../../../../H-x86_64-mingw32/nios2-elf/lib\libsmallc.a(lib_a-__atexit.o) (_global_impure_ptr)
../gyrosco_bsp/\libhal_bsp.a(alt_exit.o)
                              c:/intelfpga/18.1/nios2eds/bin/gnu/h-x86_64-mingw32/bin/../lib/gcc/nios2-elf/5.3.0/../../../../../H-x86_64-mingw32/nios2-elf/lib\libsmallc.a(lib_a-exit.o) (_exit)

Allocating common symbols
Common symbol       size              file

HEX3_HEX0           0x4               obj/default/gyro.o
alt_irq             0x100             ../gyrosco_bsp/\libhal_bsp.a(alt_irq_handler.o)
sw_chaque           0xa               obj/default/gyro.o
errno               0x4               c:/intelfpga/18.1/nios2eds/bin/gnu/h-x86_64-mingw32/bin/../lib/gcc/nios2-elf/5.3.0/../../../../../H-x86_64-mingw32/nios2-elf/lib\libsmallc.a(lib_a-int_errno.o)
presse_chaque       0x8               obj/default/gyro.o
SW_value            0x4               obj/default/gyro.o
full_stop           0x4               obj/default/gyro.o
flag_gyro           0x4               obj/default/gyro.o
mode                0x4               obj/default/gyro.o
HEX5_HEX4           0x4               obj/default/gyro.o

Memory Configuration

Name             Origin             Length             Attributes
reset            0x0000000000010000 0x0000000000000020
MEMOIRE_ONCHIP   0x0000000000010020 0x0000000000009fe0
*default*        0x0000000000000000 0xffffffffffffffff

Linker script and memory map

LOAD ../gyrosco_bsp//obj/HAL/src/crt0.o
LOAD obj/default/gyro.o
LOAD c:/intelfpga/18.1/nios2eds/bin/gnu/h-x86_64-mingw32/bin/../lib/gcc/nios2-elf/5.3.0/../../../../../H-x86_64-mingw32/nios2-elf/lib\libstdc++.a
LOAD c:/intelfpga/18.1/nios2eds/bin/gnu/h-x86_64-mingw32/bin/../lib/gcc/nios2-elf/5.3.0/../../../../../H-x86_64-mingw32/nios2-elf/lib\libm.a
LOAD c:/intelfpga/18.1/nios2eds/bin/gnu/h-x86_64-mingw32/bin/../lib/gcc/nios2-elf/5.3.0\libgcc.a
START GROUP
LOAD c:/intelfpga/18.1/nios2eds/bin/gnu/h-x86_64-mingw32/bin/../lib/gcc/nios2-elf/5.3.0/../../../../../H-x86_64-mingw32/nios2-elf/lib\libsmallc.a
LOAD c:/intelfpga/18.1/nios2eds/bin/gnu/h-x86_64-mingw32/bin/../lib/gcc/nios2-elf/5.3.0\libgcc.a
LOAD ../gyrosco_bsp/\libhal_bsp.a
LOAD c:/intelfpga/18.1/nios2eds/bin/gnu/h-x86_64-mingw32/bin/../lib/gcc/nios2-elf/5.3.0/../../../../../H-x86_64-mingw32/nios2-elf/lib\libm.a
END GROUP
LOAD c:/intelfpga/18.1/nios2eds/bin/gnu/h-x86_64-mingw32/bin/../lib/gcc/nios2-elf/5.3.0\libgcc.a
                0x0000000000010000                __alt_mem_MEMOIRE_ONCHIP = 0x10000

.entry          0x0000000000010000       0x20
 *(.entry)
 .entry         0x0000000000010000       0x20 ../gyrosco_bsp//obj/HAL/src/crt0.o
                0x0000000000010000                __reset

.exceptions     0x0000000000010020      0x228
                0x0000000000010020                PROVIDE (__ram_exceptions_start, ABSOLUTE (.))
                0x0000000000010020                . = ALIGN (0x20)
 *(.irq)
 *(.exceptions.entry.label)
 .exceptions.entry.label
                0x0000000000010020        0x0 ../gyrosco_bsp/\libhal_bsp.a(alt_irq_entry.o)
                0x0000000000010020                alt_irq_entry
 .exceptions.entry.label
                0x0000000000010020        0x0 ../gyrosco_bsp/\libhal_bsp.a(alt_exception_entry.o)
                0x0000000000010020                alt_exception
 *(.exceptions.entry.user)
 *(.exceptions.entry.ecc_fatal)
 *(.exceptions.entry)
 .exceptions.entry
                0x0000000000010020       0x54 ../gyrosco_bsp/\libhal_bsp.a(alt_exception_entry.o)
 *(.exceptions.irqtest.user)
 *(.exceptions.irqtest)
 .exceptions.irqtest
                0x0000000000010074       0x10 ../gyrosco_bsp/\libhal_bsp.a(alt_irq_entry.o)
 *(.exceptions.irqhandler.user)
 *(.exceptions.irqhandler)
 .exceptions.irqhandler
                0x0000000000010084        0x4 ../gyrosco_bsp/\libhal_bsp.a(alt_irq_entry.o)
 *(.exceptions.irqreturn.user)
 *(.exceptions.irqreturn)
 .exceptions.irqreturn
                0x0000000000010088        0x4 ../gyrosco_bsp/\libhal_bsp.a(alt_irq_entry.o)
 *(.exceptions.notirq.label)
 .exceptions.notirq.label
                0x000000000001008c        0x0 ../gyrosco_bsp/\libhal_bsp.a(alt_irq_entry.o)
 *(.exceptions.notirq.user)
 *(.exceptions.notirq)
 .exceptions.notirq
                0x000000000001008c        0x8 ../gyrosco_bsp/\libhal_bsp.a(alt_exception_entry.o)
 *(.exceptions.soft.user)
 *(.exceptions.soft)
 *(.exceptions.unknown.user)
 *(.exceptions.unknown)
 .exceptions.unknown
                0x0000000000010094       0x14 ../gyrosco_bsp/\libhal_bsp.a(alt_exception_entry.o)
 *(.exceptions.exit.label)
 .exceptions.exit.label
                0x00000000000100a8        0x0 ../gyrosco_bsp/\libhal_bsp.a(alt_irq_entry.o)
 .exceptions.exit.label
                0x00000000000100a8        0x0 ../gyrosco_bsp/\libhal_bsp.a(alt_exception_entry.o)
 *(.exceptions.exit.user)
 *(.exceptions.exit)
 .exceptions.exit
                0x00000000000100a8       0x54 ../gyrosco_bsp/\libhal_bsp.a(alt_exception_entry.o)
 *(.exceptions)
 .exceptions    0x00000000000100fc       0xd8 ../gyrosco_bsp/\libhal_bsp.a(alt_irq_handler.o)
                0x00000000000100fc                alt_irq_handler
 .exceptions    0x00000000000101d4       0x74 ../gyrosco_bsp/\libhal_bsp.a(alt_instruction_exception_entry.o)
                0x00000000000101d4                alt_instruction_exception_entry
                0x0000000000010248                PROVIDE (__ram_exceptions_end, ABSOLUTE (.))
                0x0000000000010020                PROVIDE (__flash_exceptions_start, LOADADDR (.exceptions))

.text           0x0000000000010248     0x2ed8
                [!provide]                        PROVIDE (stext, ABSOLUTE (.))
 *(.interp)
 *(.hash)
 *(.dynsym)
 *(.dynstr)
 *(.gnu.version)
 *(.gnu.version_d)
 *(.gnu.version_r)
 *(.rel.init)
 *(.rela.init)
 *(.rel.text .rel.text.* .rel.gnu.linkonce.t.*)
 *(.rela.text .rela.text.* .rela.gnu.linkonce.t.*)
 *(.rel.fini)
 *(.rela.fini)
 *(.rel.rodata .rel.rodata.* .rel.gnu.linkonce.r.*)
 *(.rela.rodata .rela.rodata.* .rela.gnu.linkonce.r.*)
 *(.rel.data .rel.data.* .rel.gnu.linkonce.d.*)
 *(.rela.data .rela.data.* .rela.gnu.linkonce.d.*)
 *(.rel.tdata .rel.tdata.* .rel.gnu.linkonce.td.*)
 *(.rela.tdata .rela.tdata.* .rela.gnu.linkonce.td.*)
 *(.rel.tbss .rel.tbss.* .rel.gnu.linkonce.tb.*)
 *(.rela.tbss .rela.tbss.* .rela.gnu.linkonce.tb.*)
 *(.rel.ctors)
 *(.rela.ctors)
 *(.rel.dtors)
 *(.rela.dtors)
 *(.rel.got)
 *(.rela.got)
 *(.rel.sdata .rel.sdata.* .rel.gnu.linkonce.s.*)
 *(.rela.sdata .rela.sdata.* .rela.gnu.linkonce.s.*)
 *(.rel.sbss .rel.sbss.* .rel.gnu.linkonce.sb.*)
 *(.rela.sbss .rela.sbss.* .rela.gnu.linkonce.sb.*)
 *(.rel.sdata2 .rel.sdata2.* .rel.gnu.linkonce.s2.*)
 *(.rela.sdata2 .rela.sdata2.* .rela.gnu.linkonce.s2.*)
 *(.rel.sbss2 .rel.sbss2.* .rel.gnu.linkonce.sb2.*)
 *(.rela.sbss2 .rela.sbss2.* .rela.gnu.linkonce.sb2.*)
 *(.rel.bss .rel.bss.* .rel.gnu.linkonce.b.*)
 *(.rela.bss .rela.bss.* .rela.gnu.linkonce.b.*)
 *(.rel.plt)
 *(.rela.plt)
 *(.rel.dyn)
 *(.init)
 *(.plt)
 *(.text .stub .text.* .gnu.linkonce.t.*)
 .text          0x0000000000010248       0x3c ../gyrosco_bsp//obj/HAL/src/crt0.o
                0x0000000000010248                _start
 .text          0x0000000000010284     0x126c obj/default/gyro.o
                0x0000000000010284                main
                0x0000000000011050                sonner
                0x00000000000112f8                display
 .text          0x00000000000114f0      0x1b4 c:/intelfpga/18.1/nios2eds/bin/gnu/h-x86_64-mingw32/bin/../lib/gcc/nios2-elf/5.3.0\libgcc.a(lib2-divmod.o)
                0x00000000000114f0                __divsi3
                0x0000000000011574                __modsi3
                0x00000000000115e8                __udivsi3
                0x000000000001164c                __umodsi3
 .text          0x00000000000116a4       0xec ../gyrosco_bsp/\libhal_bsp.a(alt_load.o)
                0x000000000001170c                alt_load
 .text          0x0000000000011790       0x7c ../gyrosco_bsp/\libhal_bsp.a(alt_main.o)
                0x0000000000011790                alt_main
 .text          0x000000000001180c       0xc4 ../gyrosco_bsp/\libhal_bsp.a(alt_sys_init.o)
                0x0000000000011840                alt_irq_init
                0x0000000000011878                alt_sys_init
 .text          0x00000000000118d0       0xc0 ../gyrosco_bsp/\libhal_bsp.a(altera_avalon_jtag_uart_fd.o)
                0x00000000000118d0                altera_avalon_jtag_uart_read_fd
                0x0000000000011930                altera_avalon_jtag_uart_write_fd
 .text          0x0000000000011990       0xec ../gyrosco_bsp/\libhal_bsp.a(altera_avalon_jtag_uart_read.o)
                0x0000000000011990                altera_avalon_jtag_uart_read
 .text          0x0000000000011a7c       0x94 ../gyrosco_bsp/\libhal_bsp.a(altera_avalon_jtag_uart_write.o)
                0x0000000000011a7c                altera_avalon_jtag_uart_write
 .text          0x0000000000011b10       0xf0 ../gyrosco_bsp/\libhal_bsp.a(altera_avalon_timer_sc.o)
                0x0000000000011b8c                alt_avalon_timer_sc_init
 .text          0x0000000000011c00      0x3b0 ../gyrosco_bsp/\libhal_bsp.a(altera_up_avalon_accelerometer_spi.o)
                0x0000000000011c00                alt_up_accelerometer_spi_open_dev
                0x0000000000011c3c                alt_up_accelerometer_spi_read_address_register
                0x0000000000011c80                alt_up_accelerometer_spi_read
                0x0000000000011ce8                alt_up_accelerometer_spi_write
                0x0000000000011d4c                alt_up_accelerometer_spi_read_x_axis
                0x0000000000011e18                alt_up_accelerometer_spi_read_y_axis
                0x0000000000011ee4                alt_up_accelerometer_spi_read_z_axis
 .text          0x0000000000011fb0      0x10c ../gyrosco_bsp/\libhal_bsp.a(alt_close.o)
                0x0000000000011fec                close
 .text          0x00000000000120bc       0x20 ../gyrosco_bsp/\libhal_bsp.a(alt_dcache_flush_all.o)
                0x00000000000120bc                alt_dcache_flush_all
 .text          0x00000000000120dc       0x2c ../gyrosco_bsp/\libhal_bsp.a(alt_dev.o)
 .text          0x0000000000012108       0xe0 ../gyrosco_bsp/\libhal_bsp.a(alt_dev_llist_insert.o)
                0x0000000000012144                alt_dev_llist_insert
 .text          0x00000000000121e8       0x60 ../gyrosco_bsp/\libhal_bsp.a(alt_do_ctors.o)
                0x00000000000121e8                _do_ctors
 .text          0x0000000000012248       0x60 ../gyrosco_bsp/\libhal_bsp.a(alt_do_dtors.o)
                0x0000000000012248                _do_dtors
 .text          0x00000000000122a8        0x0 ../gyrosco_bsp/\libhal_bsp.a(alt_errno.o)
 .text          0x00000000000122a8       0x90 ../gyrosco_bsp/\libhal_bsp.a(alt_find_dev.o)
                0x00000000000122a8                alt_find_dev
 .text          0x0000000000012338       0x34 ../gyrosco_bsp/\libhal_bsp.a(alt_icache_flush_all.o)
                0x0000000000012338                alt_icache_flush_all
 .text          0x000000000001236c      0x140 ../gyrosco_bsp/\libhal_bsp.a(alt_io_redirect.o)
                0x0000000000012430                alt_io_redirect
 .text          0x00000000000124ac      0x180 ../gyrosco_bsp/\libhal_bsp.a(alt_irq_register.o)
                0x00000000000124ac                alt_irq_register
 .text          0x000000000001262c        0x0 ../gyrosco_bsp/\libhal_bsp.a(alt_irq_vars.o)
 .text          0x000000000001262c      0x254 ../gyrosco_bsp/\libhal_bsp.a(alt_open.o)
                0x000000000001272c                open
 .text          0x0000000000012880       0x64 ../gyrosco_bsp/\libhal_bsp.a(alt_release_fd.o)
                0x0000000000012880                alt_release_fd
 .text          0x00000000000128e4      0x1a4 ../gyrosco_bsp/\libhal_bsp.a(alt_tick.o)
                0x00000000000128e4                alt_alarm_stop
                0x0000000000012980                alt_tick
 .text          0x0000000000012a88       0x24 ../gyrosco_bsp/\libhal_bsp.a(altera_nios2_gen2_irq.o)
                0x0000000000012a88                altera_nios2_gen2_irq_init
 .text          0x0000000000012aac      0x108 ../gyrosco_bsp/\libhal_bsp.a(alt_find_file.o)
                0x0000000000012aac                alt_find_file
 .text          0x0000000000012bb4       0xa4 ../gyrosco_bsp/\libhal_bsp.a(alt_get_fd.o)
                0x0000000000012bb4                alt_get_fd
 .text          0x0000000000012c58       0x90 ../gyrosco_bsp/\libhal_bsp.a(alt_icache_flush.o)
                0x0000000000012c58                alt_icache_flush
 .text          0x0000000000012ce8        0x0 ../gyrosco_bsp/\libhal_bsp.a(alt_irq_entry.o)
 .text          0x0000000000012ce8        0x0 ../gyrosco_bsp/\libhal_bsp.a(alt_irq_handler.o)
 .text          0x0000000000012ce8        0x0 ../gyrosco_bsp/\libhal_bsp.a(alt_exception_entry.o)
 .text          0x0000000000012ce8       0x9c ../gyrosco_bsp/\libhal_bsp.a(alt_instruction_exception_entry.o)
                0x0000000000012ce8                alt_exception_cause_generated_bad_addr
 .text          0x0000000000012d84        0x0 c:/intelfpga/18.1/nios2eds/bin/gnu/h-x86_64-mingw32/bin/../lib/gcc/nios2-elf/5.3.0/../../../../../H-x86_64-mingw32/nios2-elf/lib\libsmallc.a(lib_a-atexit.o)
 .text.atexit   0x0000000000012d84       0x14 c:/intelfpga/18.1/nios2eds/bin/gnu/h-x86_64-mingw32/bin/../lib/gcc/nios2-elf/5.3.0/../../../../../H-x86_64-mingw32/nios2-elf/lib\libsmallc.a(lib_a-atexit.o)
                0x0000000000012d84                atexit
 .text          0x0000000000012d98        0x0 c:/intelfpga/18.1/nios2eds/bin/gnu/h-x86_64-mingw32/bin/../lib/gcc/nios2-elf/5.3.0/../../../../../H-x86_64-mingw32/nios2-elf/lib\libsmallc.a(lib_a-exit.o)
 .text.exit     0x0000000000012d98       0x20 c:/intelfpga/18.1/nios2eds/bin/gnu/h-x86_64-mingw32/bin/../lib/gcc/nios2-elf/5.3.0/../../../../../H-x86_64-mingw32/nios2-elf/lib\libsmallc.a(lib_a-exit.o)
                0x0000000000012d98                exit
 .text          0x0000000000012db8        0x0 c:/intelfpga/18.1/nios2eds/bin/gnu/h-x86_64-mingw32/bin/../lib/gcc/nios2-elf/5.3.0/../../../../../H-x86_64-mingw32/nios2-elf/lib\libsmallc.a(lib_a-int_errno.o)
 .text          0x0000000000012db8        0x0 c:/intelfpga/18.1/nios2eds/bin/gnu/h-x86_64-mingw32/bin/../lib/gcc/nios2-elf/5.3.0/../../../../../H-x86_64-mingw32/nios2-elf/lib\libsmallc.a(lib_a-memcmp.o)
 .text.memcmp   0x0000000000012db8       0x30 c:/intelfpga/18.1/nios2eds/bin/gnu/h-x86_64-mingw32/bin/../lib/gcc/nios2-elf/5.3.0/../../../../../H-x86_64-mingw32/nios2-elf/lib\libsmallc.a(lib_a-memcmp.o)
                0x0000000000012db8                memcmp
 .text          0x0000000000012de8        0x0 c:/intelfpga/18.1/nios2eds/bin/gnu/h-x86_64-mingw32/bin/../lib/gcc/nios2-elf/5.3.0/../../../../../H-x86_64-mingw32/nios2-elf/lib\libsmallc.a(lib_a-strlen.o)
 .text.strlen   0x0000000000012de8       0x1c c:/intelfpga/18.1/nios2eds/bin/gnu/h-x86_64-mingw32/bin/../lib/gcc/nios2-elf/5.3.0/../../../../../H-x86_64-mingw32/nios2-elf/lib\libsmallc.a(lib_a-strlen.o)
                0x0000000000012de8                strlen
 .text          0x0000000000012e04        0x0 c:/intelfpga/18.1/nios2eds/bin/gnu/h-x86_64-mingw32/bin/../lib/gcc/nios2-elf/5.3.0/../../../../../H-x86_64-mingw32/nios2-elf/lib\libsmallc.a(lib_a-__atexit.o)
 .text.__register_exitproc
                0x0000000000012e04      0x158 c:/intelfpga/18.1/nios2eds/bin/gnu/h-x86_64-mingw32/bin/../lib/gcc/nios2-elf/5.3.0/../../../../../H-x86_64-mingw32/nios2-elf/lib\libsmallc.a(lib_a-__atexit.o)
                0x0000000000012e04                __register_exitproc
 .text          0x0000000000012f5c        0x0 c:/intelfpga/18.1/nios2eds/bin/gnu/h-x86_64-mingw32/bin/../lib/gcc/nios2-elf/5.3.0/../../../../../H-x86_64-mingw32/nios2-elf/lib\libsmallc.a(lib_a-__call_atexit.o)
 .text.__call_exitprocs
                0x0000000000012f5c      0x190 c:/intelfpga/18.1/nios2eds/bin/gnu/h-x86_64-mingw32/bin/../lib/gcc/nios2-elf/5.3.0/../../../../../H-x86_64-mingw32/nios2-elf/lib\libsmallc.a(lib_a-__call_atexit.o)
                0x0000000000012f5c                __call_exitprocs
 .text          0x00000000000130ec        0x0 c:/intelfpga/18.1/nios2eds/bin/gnu/h-x86_64-mingw32/bin/../lib/gcc/nios2-elf/5.3.0/../../../../../H-x86_64-mingw32/nios2-elf/lib\libsmallc.a(lib_a-impure.o)
 .text          0x00000000000130ec       0x34 ../gyrosco_bsp/\libhal_bsp.a(alt_exit.o)
                0x00000000000130ec                _exit
 *(.gnu.warning.*)
 *(.fini)
                [!provide]                        PROVIDE (__etext, ABSOLUTE (.))
                [!provide]                        PROVIDE (_etext, ABSOLUTE (.))
                [!provide]                        PROVIDE (etext, ABSOLUTE (.))
 *(.eh_frame_hdr)
                0x0000000000013120                . = ALIGN (0x4)
                [!provide]                        PROVIDE (__preinit_array_start, ABSOLUTE (.))
 *(.preinit_array)
                [!provide]                        PROVIDE (__preinit_array_end, ABSOLUTE (.))
                [!provide]                        PROVIDE (__init_array_start, ABSOLUTE (.))
 *(.init_array)
                [!provide]                        PROVIDE (__init_array_end, ABSOLUTE (.))
                [!provide]                        PROVIDE (__fini_array_start, ABSOLUTE (.))
 *(.fini_array)
                [!provide]                        PROVIDE (__fini_array_end, ABSOLUTE (.))
 *(.eh_frame)
 *(.gcc_except_table .gcc_except_table.*)
 *(.dynamic)
                0x0000000000013120                PROVIDE (__CTOR_LIST__, ABSOLUTE (.))
 *(.ctors)
 *(SORT(.ctors.*))
                0x0000000000013120                PROVIDE (__CTOR_END__, ABSOLUTE (.))
                0x0000000000013120                PROVIDE (__DTOR_LIST__, ABSOLUTE (.))
 *(.dtors)
 *(SORT(.dtors.*))
                0x0000000000013120                PROVIDE (__DTOR_END__, ABSOLUTE (.))
 *(.jcr)
                0x0000000000013120                . = ALIGN (0x4)

.rodata         0x0000000000013120       0x98
                0x0000000000013120                PROVIDE (__ram_rodata_start, ABSOLUTE (.))
                0x0000000000013120                . = ALIGN (0x4)
 *(.rodata .rodata.* .gnu.linkonce.r.*)
 .rodata        0x0000000000013120       0x45 obj/default/gyro.o
 *fill*         0x0000000000013165        0x3 
 .rodata        0x0000000000013168       0x11 ../gyrosco_bsp/\libhal_bsp.a(alt_main.o)
 *fill*         0x0000000000013179        0x3 
 .rodata        0x000000000001317c       0x2d ../gyrosco_bsp/\libhal_bsp.a(alt_sys_init.o)
 *fill*         0x00000000000131a9        0x3 
 .rodata        0x00000000000131ac        0xa ../gyrosco_bsp/\libhal_bsp.a(alt_dev.o)
 *(.rodata1)
                0x00000000000131b8                . = ALIGN (0x4)
 *fill*         0x00000000000131b6        0x2 
                0x00000000000131b8                PROVIDE (__ram_rodata_end, ABSOLUTE (.))
                0x0000000000013120                PROVIDE (__flash_rodata_start, LOADADDR (.rodata))

.rwdata         0x00000000000131b8      0x578 load address 0x0000000000013730
                0x00000000000131b8                PROVIDE (__ram_rwdata_start, ABSOLUTE (.))
                0x00000000000131b8                . = ALIGN (0x4)
 *(.got.plt)
 *(.got)
 *(.data1)
 *(.data .data.* .gnu.linkonce.d.*)
 .data          0x00000000000131b8        0x0 ../gyrosco_bsp//obj/HAL/src/crt0.o
 .data          0x00000000000131b8      0x254 obj/default/gyro.o
                0x00000000000131cc                Music_Buf7
                0x000000000001321c                Music_Buf8
                0x000000000001330c                Music_Buf9
 .data          0x000000000001340c        0x0 c:/intelfpga/18.1/nios2eds/bin/gnu/h-x86_64-mingw32/bin/../lib/gcc/nios2-elf/5.3.0\libgcc.a(lib2-divmod.o)
 .data          0x000000000001340c        0x0 ../gyrosco_bsp/\libhal_bsp.a(alt_load.o)
 .data          0x000000000001340c        0x0 ../gyrosco_bsp/\libhal_bsp.a(alt_main.o)
 .data          0x000000000001340c       0x58 ../gyrosco_bsp/\libhal_bsp.a(alt_sys_init.o)
 .data          0x0000000000013464        0x0 ../gyrosco_bsp/\libhal_bsp.a(altera_avalon_jtag_uart_fd.o)
 .data          0x0000000000013464        0x0 ../gyrosco_bsp/\libhal_bsp.a(altera_avalon_jtag_uart_read.o)
 .data          0x0000000000013464        0x0 ../gyrosco_bsp/\libhal_bsp.a(altera_avalon_jtag_uart_write.o)
 .data          0x0000000000013464        0x0 ../gyrosco_bsp/\libhal_bsp.a(altera_avalon_timer_sc.o)
 .data          0x0000000000013464        0x0 ../gyrosco_bsp/\libhal_bsp.a(altera_up_avalon_accelerometer_spi.o)
 .data          0x0000000000013464        0x0 ../gyrosco_bsp/\libhal_bsp.a(alt_close.o)
 .data          0x0000000000013464        0x0 ../gyrosco_bsp/\libhal_bsp.a(alt_dcache_flush_all.o)
 .data          0x0000000000013464      0x1a8 ../gyrosco_bsp/\libhal_bsp.a(alt_dev.o)
                0x0000000000013464                alt_dev_null
                0x000000000001348c                alt_fd_list
 .data          0x000000000001360c        0x0 ../gyrosco_bsp/\libhal_bsp.a(alt_dev_llist_insert.o)
 .data          0x000000000001360c        0x0 ../gyrosco_bsp/\libhal_bsp.a(alt_do_ctors.o)
 .data          0x000000000001360c        0x0 ../gyrosco_bsp/\libhal_bsp.a(alt_do_dtors.o)
 .data          0x000000000001360c        0x0 ../gyrosco_bsp/\libhal_bsp.a(alt_errno.o)
 .data          0x000000000001360c        0x0 ../gyrosco_bsp/\libhal_bsp.a(alt_find_dev.o)
 .data          0x000000000001360c        0x0 ../gyrosco_bsp/\libhal_bsp.a(alt_icache_flush_all.o)
 .data          0x000000000001360c        0x0 ../gyrosco_bsp/\libhal_bsp.a(alt_io_redirect.o)
 .data          0x000000000001360c        0x0 ../gyrosco_bsp/\libhal_bsp.a(alt_irq_register.o)
 .data          0x000000000001360c        0x0 ../gyrosco_bsp/\libhal_bsp.a(alt_irq_vars.o)
 .data          0x000000000001360c        0x0 ../gyrosco_bsp/\libhal_bsp.a(alt_open.o)
 .data          0x000000000001360c        0x0 ../gyrosco_bsp/\libhal_bsp.a(alt_release_fd.o)
 .data          0x000000000001360c        0x0 ../gyrosco_bsp/\libhal_bsp.a(alt_tick.o)
 .data          0x000000000001360c        0x0 ../gyrosco_bsp/\libhal_bsp.a(altera_nios2_gen2_irq.o)
 .data          0x000000000001360c        0x0 ../gyrosco_bsp/\libhal_bsp.a(alt_find_file.o)
 .data          0x000000000001360c        0x0 ../gyrosco_bsp/\libhal_bsp.a(alt_get_fd.o)
 .data          0x000000000001360c        0x0 ../gyrosco_bsp/\libhal_bsp.a(alt_icache_flush.o)
 .data          0x000000000001360c        0x0 ../gyrosco_bsp/\libhal_bsp.a(alt_irq_entry.o)
 .data          0x000000000001360c        0x0 ../gyrosco_bsp/\libhal_bsp.a(alt_irq_handler.o)
 .data          0x000000000001360c        0x0 ../gyrosco_bsp/\libhal_bsp.a(alt_exception_entry.o)
 .data          0x000000000001360c        0x0 ../gyrosco_bsp/\libhal_bsp.a(alt_instruction_exception_entry.o)
 .data          0x000000000001360c        0x0 c:/intelfpga/18.1/nios2eds/bin/gnu/h-x86_64-mingw32/bin/../lib/gcc/nios2-elf/5.3.0/../../../../../H-x86_64-mingw32/nios2-elf/lib\libsmallc.a(lib_a-atexit.o)
 .data          0x000000000001360c        0x0 c:/intelfpga/18.1/nios2eds/bin/gnu/h-x86_64-mingw32/bin/../lib/gcc/nios2-elf/5.3.0/../../../../../H-x86_64-mingw32/nios2-elf/lib\libsmallc.a(lib_a-exit.o)
 .data          0x000000000001360c        0x0 c:/intelfpga/18.1/nios2eds/bin/gnu/h-x86_64-mingw32/bin/../lib/gcc/nios2-elf/5.3.0/../../../../../H-x86_64-mingw32/nios2-elf/lib\libsmallc.a(lib_a-int_errno.o)
 .data          0x000000000001360c        0x0 c:/intelfpga/18.1/nios2eds/bin/gnu/h-x86_64-mingw32/bin/../lib/gcc/nios2-elf/5.3.0/../../../../../H-x86_64-mingw32/nios2-elf/lib\libsmallc.a(lib_a-memcmp.o)
 .data          0x000000000001360c        0x0 c:/intelfpga/18.1/nios2eds/bin/gnu/h-x86_64-mingw32/bin/../lib/gcc/nios2-elf/5.3.0/../../../../../H-x86_64-mingw32/nios2-elf/lib\libsmallc.a(lib_a-strlen.o)
 .data          0x000000000001360c        0x0 c:/intelfpga/18.1/nios2eds/bin/gnu/h-x86_64-mingw32/bin/../lib/gcc/nios2-elf/5.3.0/../../../../../H-x86_64-mingw32/nios2-elf/lib\libsmallc.a(lib_a-__atexit.o)
 .data          0x000000000001360c        0x0 c:/intelfpga/18.1/nios2eds/bin/gnu/h-x86_64-mingw32/bin/../lib/gcc/nios2-elf/5.3.0/../../../../../H-x86_64-mingw32/nios2-elf/lib\libsmallc.a(lib_a-__call_atexit.o)
 .data          0x000000000001360c        0x0 c:/intelfpga/18.1/nios2eds/bin/gnu/h-x86_64-mingw32/bin/../lib/gcc/nios2-elf/5.3.0/../../../../../H-x86_64-mingw32/nios2-elf/lib\libsmallc.a(lib_a-impure.o)
 .data.impure_data
                0x000000000001360c       0xe0 c:/intelfpga/18.1/nios2eds/bin/gnu/h-x86_64-mingw32/bin/../lib/gcc/nios2-elf/5.3.0/../../../../../H-x86_64-mingw32/nios2-elf/lib\libsmallc.a(lib_a-impure.o)
 .data          0x00000000000136ec        0x0 ../gyrosco_bsp/\libhal_bsp.a(alt_exit.o)
                0x000000000001b6ec                _gp = ABSOLUTE ((. + 0x8000))
                [!provide]                        PROVIDE (gp, _gp)
 *(.rwdata .rwdata.*)
 *(.sdata .sdata.* .gnu.linkonce.s.*)
 .sdata         0x00000000000136ec       0x18 obj/default/gyro.o
                0x00000000000136ec                max_seconds
                0x00000000000136f0                max_minuts
                0x00000000000136f4                max_hours
                0x00000000000136f8                LED_ptr
                0x00000000000136fc                SW_switch_ptr
                0x0000000000013700                KEY_ptr
 .sdata         0x0000000000013704       0x14 ../gyrosco_bsp/\libhal_bsp.a(alt_dev.o)
                0x0000000000013704                alt_fs_list
                0x000000000001370c                alt_dev_list
                0x0000000000013714                alt_max_fd
 .sdata         0x0000000000013718        0x4 ../gyrosco_bsp/\libhal_bsp.a(alt_errno.o)
                0x0000000000013718                alt_errno
 .sdata         0x000000000001371c        0x4 ../gyrosco_bsp/\libhal_bsp.a(alt_irq_vars.o)
                0x000000000001371c                alt_priority_mask
 .sdata         0x0000000000013720        0x8 ../gyrosco_bsp/\libhal_bsp.a(alt_tick.o)
                0x0000000000013720                alt_alarm_list
 .sdata._global_impure_ptr
                0x0000000000013728        0x4 c:/intelfpga/18.1/nios2eds/bin/gnu/h-x86_64-mingw32/bin/../lib/gcc/nios2-elf/5.3.0/../../../../../H-x86_64-mingw32/nios2-elf/lib\libsmallc.a(lib_a-impure.o)
                0x0000000000013728                _global_impure_ptr
 .sdata._impure_ptr
                0x000000000001372c        0x4 c:/intelfpga/18.1/nios2eds/bin/gnu/h-x86_64-mingw32/bin/../lib/gcc/nios2-elf/5.3.0/../../../../../H-x86_64-mingw32/nios2-elf/lib\libsmallc.a(lib_a-impure.o)
                0x000000000001372c                _impure_ptr
 *(.sdata2 .sdata2.* .gnu.linkonce.s2.*)
                0x0000000000013730                . = ALIGN (0x4)
                0x0000000000013730                _edata = ABSOLUTE (.)
                [!provide]                        PROVIDE (edata, ABSOLUTE (.))
                0x0000000000013730                PROVIDE (__ram_rwdata_end, ABSOLUTE (.))
                0x0000000000013730                PROVIDE (__flash_rwdata_start, LOADADDR (.rwdata))

.bss            0x0000000000013ca8      0x180
                0x0000000000013ca8                __bss_start = ABSOLUTE (.)
                [!provide]                        PROVIDE (__sbss_start, ABSOLUTE (.))
                [!provide]                        PROVIDE (___sbss_start, ABSOLUTE (.))
 *(.dynsbss)
 *(.sbss .sbss.* .gnu.linkonce.sb.*)
 .sbss          0x0000000000013ca8       0x34 obj/default/gyro.o
                0x0000000000013ca8                second
                0x0000000000013cac                min
                0x0000000000013cb0                hour
                0x0000000000013cb4                min_alarme
                0x0000000000013cb8                hour_alarme
                0x0000000000013cbc                nombre_music
                0x0000000000013cc0                temp_music
                0x0000000000013cc4                alarme
                0x0000000000013cc8                presse
                0x0000000000013ccc                sw
                0x0000000000013cd0                perio_music
                0x0000000000013cd4                mesure
                0x0000000000013cd8                bruit_var
 .sbss          0x0000000000013cdc       0x20 obj/default/gyro.o
                0x0000000000013cdc                HEX3_HEX0
                0x0000000000013ce0                presse_chaque
                0x0000000000013ce8                SW_value
                0x0000000000013cec                full_stop
                0x0000000000013cf0                flag_gyro
                0x0000000000013cf4                mode
                0x0000000000013cf8                HEX5_HEX4
 .sbss          0x0000000000013cfc        0xc ../gyrosco_bsp/\libhal_bsp.a(alt_main.o)
                0x0000000000013cfc                alt_argc
                0x0000000000013d00                alt_argv
                0x0000000000013d04                alt_envp
 .sbss          0x0000000000013d08        0x4 ../gyrosco_bsp/\libhal_bsp.a(alt_irq_vars.o)
                0x0000000000013d08                alt_irq_active
 .sbss          0x0000000000013d0c        0x8 ../gyrosco_bsp/\libhal_bsp.a(alt_tick.o)
                0x0000000000013d0c                _alt_tick_rate
                0x0000000000013d10                _alt_nticks
 .sbss          0x0000000000013d14        0x4 ../gyrosco_bsp/\libhal_bsp.a(alt_instruction_exception_entry.o)
                0x0000000000013d14                alt_instruction_exception_handler
 .sbss          0x0000000000013d18        0x4 c:/intelfpga/18.1/nios2eds/bin/gnu/h-x86_64-mingw32/bin/../lib/gcc/nios2-elf/5.3.0/../../../../../H-x86_64-mingw32/nios2-elf/lib\libsmallc.a(lib_a-int_errno.o)
                0x0000000000013d18                errno
 *(.sbss2 .sbss2.* .gnu.linkonce.sb2.*)
 *(.scommon)
                [!provide]                        PROVIDE (__sbss_end, ABSOLUTE (.))
                [!provide]                        PROVIDE (___sbss_end, ABSOLUTE (.))
 *(.dynbss)
 *(.bss .bss.* .gnu.linkonce.b.*)
 .bss           0x0000000000013d1c        0x0 ../gyrosco_bsp//obj/HAL/src/crt0.o
 .bss           0x0000000000013d1c        0x0 obj/default/gyro.o
 .bss           0x0000000000013d1c        0x0 c:/intelfpga/18.1/nios2eds/bin/gnu/h-x86_64-mingw32/bin/../lib/gcc/nios2-elf/5.3.0\libgcc.a(lib2-divmod.o)
 .bss           0x0000000000013d1c        0x0 ../gyrosco_bsp/\libhal_bsp.a(alt_load.o)
 .bss           0x0000000000013d1c        0x0 ../gyrosco_bsp/\libhal_bsp.a(alt_main.o)
 .bss           0x0000000000013d1c        0x0 ../gyrosco_bsp/\libhal_bsp.a(alt_sys_init.o)
 .bss           0x0000000000013d1c        0x0 ../gyrosco_bsp/\libhal_bsp.a(altera_avalon_jtag_uart_fd.o)
 .bss           0x0000000000013d1c        0x0 ../gyrosco_bsp/\libhal_bsp.a(altera_avalon_jtag_uart_read.o)
 .bss           0x0000000000013d1c        0x0 ../gyrosco_bsp/\libhal_bsp.a(altera_avalon_jtag_uart_write.o)
 .bss           0x0000000000013d1c        0x0 ../gyrosco_bsp/\libhal_bsp.a(altera_avalon_timer_sc.o)
 .bss           0x0000000000013d1c        0x0 ../gyrosco_bsp/\libhal_bsp.a(altera_up_avalon_accelerometer_spi.o)
 .bss           0x0000000000013d1c        0x0 ../gyrosco_bsp/\libhal_bsp.a(alt_close.o)
 .bss           0x0000000000013d1c        0x0 ../gyrosco_bsp/\libhal_bsp.a(alt_dcache_flush_all.o)
 .bss           0x0000000000013d1c        0x0 ../gyrosco_bsp/\libhal_bsp.a(alt_dev.o)
 .bss           0x0000000000013d1c        0x0 ../gyrosco_bsp/\libhal_bsp.a(alt_dev_llist_insert.o)
 .bss           0x0000000000013d1c        0x0 ../gyrosco_bsp/\libhal_bsp.a(alt_do_ctors.o)
 .bss           0x0000000000013d1c        0x0 ../gyrosco_bsp/\libhal_bsp.a(alt_do_dtors.o)
 .bss           0x0000000000013d1c        0x0 ../gyrosco_bsp/\libhal_bsp.a(alt_errno.o)
 .bss           0x0000000000013d1c        0x0 ../gyrosco_bsp/\libhal_bsp.a(alt_find_dev.o)
 .bss           0x0000000000013d1c        0x0 ../gyrosco_bsp/\libhal_bsp.a(alt_icache_flush_all.o)
 .bss           0x0000000000013d1c        0x0 ../gyrosco_bsp/\libhal_bsp.a(alt_io_redirect.o)
 .bss           0x0000000000013d1c        0x0 ../gyrosco_bsp/\libhal_bsp.a(alt_irq_register.o)
 .bss           0x0000000000013d1c        0x0 ../gyrosco_bsp/\libhal_bsp.a(alt_irq_vars.o)
 .bss           0x0000000000013d1c        0x0 ../gyrosco_bsp/\libhal_bsp.a(alt_open.o)
 .bss           0x0000000000013d1c        0x0 ../gyrosco_bsp/\libhal_bsp.a(alt_release_fd.o)
 .bss           0x0000000000013d1c        0x0 ../gyrosco_bsp/\libhal_bsp.a(alt_tick.o)
 .bss           0x0000000000013d1c        0x0 ../gyrosco_bsp/\libhal_bsp.a(altera_nios2_gen2_irq.o)
 .bss           0x0000000000013d1c        0x0 ../gyrosco_bsp/\libhal_bsp.a(alt_find_file.o)
 .bss           0x0000000000013d1c        0x0 ../gyrosco_bsp/\libhal_bsp.a(alt_get_fd.o)
 .bss           0x0000000000013d1c        0x0 ../gyrosco_bsp/\libhal_bsp.a(alt_icache_flush.o)
 .bss           0x0000000000013d1c        0x0 ../gyrosco_bsp/\libhal_bsp.a(alt_irq_entry.o)
 .bss           0x0000000000013d1c        0x0 ../gyrosco_bsp/\libhal_bsp.a(alt_irq_handler.o)
 .bss           0x0000000000013d1c        0x0 ../gyrosco_bsp/\libhal_bsp.a(alt_exception_entry.o)
 .bss           0x0000000000013d1c        0x0 ../gyrosco_bsp/\libhal_bsp.a(alt_instruction_exception_entry.o)
 .bss           0x0000000000013d1c        0x0 c:/intelfpga/18.1/nios2eds/bin/gnu/h-x86_64-mingw32/bin/../lib/gcc/nios2-elf/5.3.0/../../../../../H-x86_64-mingw32/nios2-elf/lib\libsmallc.a(lib_a-atexit.o)
 .bss           0x0000000000013d1c        0x0 c:/intelfpga/18.1/nios2eds/bin/gnu/h-x86_64-mingw32/bin/../lib/gcc/nios2-elf/5.3.0/../../../../../H-x86_64-mingw32/nios2-elf/lib\libsmallc.a(lib_a-exit.o)
 .bss           0x0000000000013d1c        0x0 c:/intelfpga/18.1/nios2eds/bin/gnu/h-x86_64-mingw32/bin/../lib/gcc/nios2-elf/5.3.0/../../../../../H-x86_64-mingw32/nios2-elf/lib\libsmallc.a(lib_a-int_errno.o)
 .bss           0x0000000000013d1c        0x0 c:/intelfpga/18.1/nios2eds/bin/gnu/h-x86_64-mingw32/bin/../lib/gcc/nios2-elf/5.3.0/../../../../../H-x86_64-mingw32/nios2-elf/lib\libsmallc.a(lib_a-memcmp.o)
 .bss           0x0000000000013d1c        0x0 c:/intelfpga/18.1/nios2eds/bin/gnu/h-x86_64-mingw32/bin/../lib/gcc/nios2-elf/5.3.0/../../../../../H-x86_64-mingw32/nios2-elf/lib\libsmallc.a(lib_a-strlen.o)
 .bss           0x0000000000013d1c        0x0 c:/intelfpga/18.1/nios2eds/bin/gnu/h-x86_64-mingw32/bin/../lib/gcc/nios2-elf/5.3.0/../../../../../H-x86_64-mingw32/nios2-elf/lib\libsmallc.a(lib_a-__atexit.o)
 .bss           0x0000000000013d1c        0x0 c:/intelfpga/18.1/nios2eds/bin/gnu/h-x86_64-mingw32/bin/../lib/gcc/nios2-elf/5.3.0/../../../../../H-x86_64-mingw32/nios2-elf/lib\libsmallc.a(lib_a-__call_atexit.o)
 .bss           0x0000000000013d1c        0x0 c:/intelfpga/18.1/nios2eds/bin/gnu/h-x86_64-mingw32/bin/../lib/gcc/nios2-elf/5.3.0/../../../../../H-x86_64-mingw32/nios2-elf/lib\libsmallc.a(lib_a-impure.o)
 .bss           0x0000000000013d1c        0x0 ../gyrosco_bsp/\libhal_bsp.a(alt_exit.o)
 *(COMMON)
 COMMON         0x0000000000013d1c        0xa obj/default/gyro.o
                0x0000000000013d1c                sw_chaque
 *fill*         0x0000000000013d26        0x2 
 COMMON         0x0000000000013d28      0x100 ../gyrosco_bsp/\libhal_bsp.a(alt_irq_handler.o)
                0x0000000000013d28                alt_irq
                0x0000000000013e28                . = ALIGN (0x4)
                0x0000000000013e28                __bss_end = ABSOLUTE (.)

.MEMOIRE_ONCHIP
                0x0000000000013e28        0x0
                [!provide]                        PROVIDE (_alt_partition_MEMOIRE_ONCHIP_start, ABSOLUTE (.))
 *(.MEMOIRE_ONCHIP .MEMOIRE_ONCHIP. MEMOIRE_ONCHIP.*)
                0x0000000000013e28                . = ALIGN (0x4)
                [!provide]                        PROVIDE (_alt_partition_MEMOIRE_ONCHIP_end, ABSOLUTE (.))
                0x0000000000013e28                _end = ABSOLUTE (.)
                0x0000000000013e28                end = ABSOLUTE (.)
                0x0000000000013e28                __alt_stack_base = ABSOLUTE (.)
                [!provide]                        PROVIDE (_alt_partition_MEMOIRE_ONCHIP_load_addr, LOADADDR (.MEMOIRE_ONCHIP))

.stab
 *(.stab)

.stabstr
 *(.stabstr)

.stab.excl
 *(.stab.excl)

.stab.exclstr
 *(.stab.exclstr)

.stab.index
 *(.stab.index)

.stab.indexstr
 *(.stab.indexstr)

.comment        0x0000000000000000       0x23
 *(.comment)
 .comment       0x0000000000000000       0x23 obj/default/gyro.o
                                         0x24 (size before relaxing)
 .comment       0x0000000000000023       0x24 c:/intelfpga/18.1/nios2eds/bin/gnu/h-x86_64-mingw32/bin/../lib/gcc/nios2-elf/5.3.0\libgcc.a(lib2-divmod.o)
 .comment       0x0000000000000023       0x24 ../gyrosco_bsp/\libhal_bsp.a(alt_load.o)
 .comment       0x0000000000000023       0x24 ../gyrosco_bsp/\libhal_bsp.a(alt_main.o)
 .comment       0x0000000000000023       0x24 ../gyrosco_bsp/\libhal_bsp.a(alt_sys_init.o)
 .comment       0x0000000000000023       0x24 ../gyrosco_bsp/\libhal_bsp.a(altera_avalon_jtag_uart_fd.o)
 .comment       0x0000000000000023       0x24 ../gyrosco_bsp/\libhal_bsp.a(altera_avalon_jtag_uart_read.o)
 .comment       0x0000000000000023       0x24 ../gyrosco_bsp/\libhal_bsp.a(altera_avalon_jtag_uart_write.o)
 .comment       0x0000000000000023       0x24 ../gyrosco_bsp/\libhal_bsp.a(altera_avalon_timer_sc.o)
 .comment       0x0000000000000023       0x24 ../gyrosco_bsp/\libhal_bsp.a(altera_up_avalon_accelerometer_spi.o)
 .comment       0x0000000000000023       0x24 ../gyrosco_bsp/\libhal_bsp.a(alt_close.o)
 .comment       0x0000000000000023       0x24 ../gyrosco_bsp/\libhal_bsp.a(alt_dcache_flush_all.o)
 .comment       0x0000000000000023       0x24 ../gyrosco_bsp/\libhal_bsp.a(alt_dev.o)
 .comment       0x0000000000000023       0x24 ../gyrosco_bsp/\libhal_bsp.a(alt_dev_llist_insert.o)
 .comment       0x0000000000000023       0x24 ../gyrosco_bsp/\libhal_bsp.a(alt_do_ctors.o)
 .comment       0x0000000000000023       0x24 ../gyrosco_bsp/\libhal_bsp.a(alt_do_dtors.o)
 .comment       0x0000000000000023       0x24 ../gyrosco_bsp/\libhal_bsp.a(alt_errno.o)
 .comment       0x0000000000000023       0x24 ../gyrosco_bsp/\libhal_bsp.a(alt_find_dev.o)
 .comment       0x0000000000000023       0x24 ../gyrosco_bsp/\libhal_bsp.a(alt_icache_flush_all.o)
 .comment       0x0000000000000023       0x24 ../gyrosco_bsp/\libhal_bsp.a(alt_io_redirect.o)
 .comment       0x0000000000000023       0x24 ../gyrosco_bsp/\libhal_bsp.a(alt_irq_register.o)
 .comment       0x0000000000000023       0x24 ../gyrosco_bsp/\libhal_bsp.a(alt_irq_vars.o)
 .comment       0x0000000000000023       0x24 ../gyrosco_bsp/\libhal_bsp.a(alt_open.o)
 .comment       0x0000000000000023       0x24 ../gyrosco_bsp/\libhal_bsp.a(alt_release_fd.o)
 .comment       0x0000000000000023       0x24 ../gyrosco_bsp/\libhal_bsp.a(alt_tick.o)
 .comment       0x0000000000000023       0x24 ../gyrosco_bsp/\libhal_bsp.a(altera_nios2_gen2_irq.o)
 .comment       0x0000000000000023       0x24 ../gyrosco_bsp/\libhal_bsp.a(alt_find_file.o)
 .comment       0x0000000000000023       0x24 ../gyrosco_bsp/\libhal_bsp.a(alt_get_fd.o)
 .comment       0x0000000000000023       0x24 ../gyrosco_bsp/\libhal_bsp.a(alt_icache_flush.o)
 .comment       0x0000000000000023       0x24 ../gyrosco_bsp/\libhal_bsp.a(alt_irq_handler.o)
 .comment       0x0000000000000023       0x24 ../gyrosco_bsp/\libhal_bsp.a(alt_instruction_exception_entry.o)
 .comment       0x0000000000000023       0x24 c:/intelfpga/18.1/nios2eds/bin/gnu/h-x86_64-mingw32/bin/../lib/gcc/nios2-elf/5.3.0/../../../../../H-x86_64-mingw32/nios2-elf/lib\libsmallc.a(lib_a-atexit.o)
 .comment       0x0000000000000023       0x24 c:/intelfpga/18.1/nios2eds/bin/gnu/h-x86_64-mingw32/bin/../lib/gcc/nios2-elf/5.3.0/../../../../../H-x86_64-mingw32/nios2-elf/lib\libsmallc.a(lib_a-exit.o)
 .comment       0x0000000000000023       0x24 c:/intelfpga/18.1/nios2eds/bin/gnu/h-x86_64-mingw32/bin/../lib/gcc/nios2-elf/5.3.0/../../../../../H-x86_64-mingw32/nios2-elf/lib\libsmallc.a(lib_a-int_errno.o)
 .comment       0x0000000000000023       0x24 c:/intelfpga/18.1/nios2eds/bin/gnu/h-x86_64-mingw32/bin/../lib/gcc/nios2-elf/5.3.0/../../../../../H-x86_64-mingw32/nios2-elf/lib\libsmallc.a(lib_a-memcmp.o)
 .comment       0x0000000000000023       0x24 c:/intelfpga/18.1/nios2eds/bin/gnu/h-x86_64-mingw32/bin/../lib/gcc/nios2-elf/5.3.0/../../../../../H-x86_64-mingw32/nios2-elf/lib\libsmallc.a(lib_a-strlen.o)
 .comment       0x0000000000000023       0x24 c:/intelfpga/18.1/nios2eds/bin/gnu/h-x86_64-mingw32/bin/../lib/gcc/nios2-elf/5.3.0/../../../../../H-x86_64-mingw32/nios2-elf/lib\libsmallc.a(lib_a-__atexit.o)
 .comment       0x0000000000000023       0x24 c:/intelfpga/18.1/nios2eds/bin/gnu/h-x86_64-mingw32/bin/../lib/gcc/nios2-elf/5.3.0/../../../../../H-x86_64-mingw32/nios2-elf/lib\libsmallc.a(lib_a-__call_atexit.o)
 .comment       0x0000000000000023       0x24 c:/intelfpga/18.1/nios2eds/bin/gnu/h-x86_64-mingw32/bin/../lib/gcc/nios2-elf/5.3.0/../../../../../H-x86_64-mingw32/nios2-elf/lib\libsmallc.a(lib_a-impure.o)
 .comment       0x0000000000000023       0x24 ../gyrosco_bsp/\libhal_bsp.a(alt_exit.o)

.debug
 *(.debug)

.line
 *(.line)

.debug_srcinfo
 *(.debug_srcinfo)

.debug_sfnames
 *(.debug_sfnames)

.debug_aranges  0x0000000000000000      0x578
 *(.debug_aranges)
 .debug_aranges
                0x0000000000000000       0x28 ../gyrosco_bsp//obj/HAL/src/crt0.o
 .debug_aranges
                0x0000000000000028       0x20 obj/default/gyro.o
 .debug_aranges
                0x0000000000000048       0x20 c:/intelfpga/18.1/nios2eds/bin/gnu/h-x86_64-mingw32/bin/../lib/gcc/nios2-elf/5.3.0\libgcc.a(lib2-divmod.o)
 .debug_aranges
                0x0000000000000068       0x20 ../gyrosco_bsp/\libhal_bsp.a(alt_load.o)
 .debug_aranges
                0x0000000000000088       0x20 ../gyrosco_bsp/\libhal_bsp.a(alt_main.o)
 .debug_aranges
                0x00000000000000a8       0x20 ../gyrosco_bsp/\libhal_bsp.a(alt_sys_init.o)
 .debug_aranges
                0x00000000000000c8       0x20 ../gyrosco_bsp/\libhal_bsp.a(altera_avalon_jtag_uart_fd.o)
 .debug_aranges
                0x00000000000000e8       0x20 ../gyrosco_bsp/\libhal_bsp.a(altera_avalon_jtag_uart_read.o)
 .debug_aranges
                0x0000000000000108       0x20 ../gyrosco_bsp/\libhal_bsp.a(altera_avalon_jtag_uart_write.o)
 .debug_aranges
                0x0000000000000128       0x20 ../gyrosco_bsp/\libhal_bsp.a(altera_avalon_timer_sc.o)
 .debug_aranges
                0x0000000000000148       0x20 ../gyrosco_bsp/\libhal_bsp.a(altera_up_avalon_accelerometer_spi.o)
 .debug_aranges
                0x0000000000000168       0x20 ../gyrosco_bsp/\libhal_bsp.a(alt_close.o)
 .debug_aranges
                0x0000000000000188       0x20 ../gyrosco_bsp/\libhal_bsp.a(alt_dcache_flush_all.o)
 .debug_aranges
                0x00000000000001a8       0x20 ../gyrosco_bsp/\libhal_bsp.a(alt_dev.o)
 .debug_aranges
                0x00000000000001c8       0x20 ../gyrosco_bsp/\libhal_bsp.a(alt_dev_llist_insert.o)
 .debug_aranges
                0x00000000000001e8       0x20 ../gyrosco_bsp/\libhal_bsp.a(alt_do_ctors.o)
 .debug_aranges
                0x0000000000000208       0x20 ../gyrosco_bsp/\libhal_bsp.a(alt_do_dtors.o)
 .debug_aranges
                0x0000000000000228       0x18 ../gyrosco_bsp/\libhal_bsp.a(alt_errno.o)
 .debug_aranges
                0x0000000000000240       0x20 ../gyrosco_bsp/\libhal_bsp.a(alt_find_dev.o)
 .debug_aranges
                0x0000000000000260       0x20 ../gyrosco_bsp/\libhal_bsp.a(alt_icache_flush_all.o)
 .debug_aranges
                0x0000000000000280       0x20 ../gyrosco_bsp/\libhal_bsp.a(alt_io_redirect.o)
 .debug_aranges
                0x00000000000002a0       0x20 ../gyrosco_bsp/\libhal_bsp.a(alt_irq_register.o)
 .debug_aranges
                0x00000000000002c0       0x18 ../gyrosco_bsp/\libhal_bsp.a(alt_irq_vars.o)
 .debug_aranges
                0x00000000000002d8       0x20 ../gyrosco_bsp/\libhal_bsp.a(alt_open.o)
 .debug_aranges
                0x00000000000002f8       0x20 ../gyrosco_bsp/\libhal_bsp.a(alt_release_fd.o)
 .debug_aranges
                0x0000000000000318       0x20 ../gyrosco_bsp/\libhal_bsp.a(alt_tick.o)
 .debug_aranges
                0x0000000000000338       0x20 ../gyrosco_bsp/\libhal_bsp.a(altera_nios2_gen2_irq.o)
 .debug_aranges
                0x0000000000000358       0x20 ../gyrosco_bsp/\libhal_bsp.a(alt_find_file.o)
 .debug_aranges
                0x0000000000000378       0x20 ../gyrosco_bsp/\libhal_bsp.a(alt_get_fd.o)
 .debug_aranges
                0x0000000000000398       0x20 ../gyrosco_bsp/\libhal_bsp.a(alt_icache_flush.o)
 .debug_aranges
                0x00000000000003b8       0x30 ../gyrosco_bsp/\libhal_bsp.a(alt_irq_entry.o)
 .debug_aranges
                0x00000000000003e8       0x20 ../gyrosco_bsp/\libhal_bsp.a(alt_irq_handler.o)
 .debug_aranges
                0x0000000000000408       0x38 ../gyrosco_bsp/\libhal_bsp.a(alt_exception_entry.o)
 .debug_aranges
                0x0000000000000440       0x28 ../gyrosco_bsp/\libhal_bsp.a(alt_instruction_exception_entry.o)
 .debug_aranges
                0x0000000000000468       0x20 c:/intelfpga/18.1/nios2eds/bin/gnu/h-x86_64-mingw32/bin/../lib/gcc/nios2-elf/5.3.0/../../../../../H-x86_64-mingw32/nios2-elf/lib\libsmallc.a(lib_a-atexit.o)
 .debug_aranges
                0x0000000000000488       0x20 c:/intelfpga/18.1/nios2eds/bin/gnu/h-x86_64-mingw32/bin/../lib/gcc/nios2-elf/5.3.0/../../../../../H-x86_64-mingw32/nios2-elf/lib\libsmallc.a(lib_a-exit.o)
 .debug_aranges
                0x00000000000004a8       0x18 c:/intelfpga/18.1/nios2eds/bin/gnu/h-x86_64-mingw32/bin/../lib/gcc/nios2-elf/5.3.0/../../../../../H-x86_64-mingw32/nios2-elf/lib\libsmallc.a(lib_a-int_errno.o)
 .debug_aranges
                0x00000000000004c0       0x20 c:/intelfpga/18.1/nios2eds/bin/gnu/h-x86_64-mingw32/bin/../lib/gcc/nios2-elf/5.3.0/../../../../../H-x86_64-mingw32/nios2-elf/lib\libsmallc.a(lib_a-memcmp.o)
 .debug_aranges
                0x00000000000004e0       0x20 c:/intelfpga/18.1/nios2eds/bin/gnu/h-x86_64-mingw32/bin/../lib/gcc/nios2-elf/5.3.0/../../../../../H-x86_64-mingw32/nios2-elf/lib\libsmallc.a(lib_a-strlen.o)
 .debug_aranges
                0x0000000000000500       0x20 c:/intelfpga/18.1/nios2eds/bin/gnu/h-x86_64-mingw32/bin/../lib/gcc/nios2-elf/5.3.0/../../../../../H-x86_64-mingw32/nios2-elf/lib\libsmallc.a(lib_a-__atexit.o)
 .debug_aranges
                0x0000000000000520       0x20 c:/intelfpga/18.1/nios2eds/bin/gnu/h-x86_64-mingw32/bin/../lib/gcc/nios2-elf/5.3.0/../../../../../H-x86_64-mingw32/nios2-elf/lib\libsmallc.a(lib_a-__call_atexit.o)
 .debug_aranges
                0x0000000000000540       0x18 c:/intelfpga/18.1/nios2eds/bin/gnu/h-x86_64-mingw32/bin/../lib/gcc/nios2-elf/5.3.0/../../../../../H-x86_64-mingw32/nios2-elf/lib\libsmallc.a(lib_a-impure.o)
 .debug_aranges
                0x0000000000000558       0x20 ../gyrosco_bsp/\libhal_bsp.a(alt_exit.o)

.debug_pubnames
 *(.debug_pubnames)

.debug_info     0x0000000000000000     0x6384
 *(.debug_info .gnu.linkonce.wi.*)
 .debug_info    0x0000000000000000       0x53 ../gyrosco_bsp//obj/HAL/src/crt0.o
 .debug_info    0x0000000000000053      0x7ba obj/default/gyro.o
 .debug_info    0x000000000000080d      0x2c6 c:/intelfpga/18.1/nios2eds/bin/gnu/h-x86_64-mingw32/bin/../lib/gcc/nios2-elf/5.3.0\libgcc.a(lib2-divmod.o)
 .debug_info    0x0000000000000ad3      0x145 ../gyrosco_bsp/\libhal_bsp.a(alt_load.o)
 .debug_info    0x0000000000000c18      0x157 ../gyrosco_bsp/\libhal_bsp.a(alt_main.o)
 .debug_info    0x0000000000000d6f      0x436 ../gyrosco_bsp/\libhal_bsp.a(alt_sys_init.o)
 .debug_info    0x00000000000011a5      0x3a7 ../gyrosco_bsp/\libhal_bsp.a(altera_avalon_jtag_uart_fd.o)
 .debug_info    0x000000000000154c      0x1c8 ../gyrosco_bsp/\libhal_bsp.a(altera_avalon_jtag_uart_read.o)
 .debug_info    0x0000000000001714      0x1ab ../gyrosco_bsp/\libhal_bsp.a(altera_avalon_jtag_uart_write.o)
 .debug_info    0x00000000000018bf      0x249 ../gyrosco_bsp/\libhal_bsp.a(altera_avalon_timer_sc.o)
 .debug_info    0x0000000000001b08      0x469 ../gyrosco_bsp/\libhal_bsp.a(altera_up_avalon_accelerometer_spi.o)
 .debug_info    0x0000000000001f71      0x321 ../gyrosco_bsp/\libhal_bsp.a(alt_close.o)
 .debug_info    0x0000000000002292       0x92 ../gyrosco_bsp/\libhal_bsp.a(alt_dcache_flush_all.o)
 .debug_info    0x0000000000002324      0x49c ../gyrosco_bsp/\libhal_bsp.a(alt_dev.o)
 .debug_info    0x00000000000027c0      0x1a9 ../gyrosco_bsp/\libhal_bsp.a(alt_dev_llist_insert.o)
 .debug_info    0x0000000000002969       0x83 ../gyrosco_bsp/\libhal_bsp.a(alt_do_ctors.o)
 .debug_info    0x00000000000029ec       0x83 ../gyrosco_bsp/\libhal_bsp.a(alt_do_dtors.o)
 .debug_info    0x0000000000002a6f       0xa6 ../gyrosco_bsp/\libhal_bsp.a(alt_errno.o)
 .debug_info    0x0000000000002b15      0x2e9 ../gyrosco_bsp/\libhal_bsp.a(alt_find_dev.o)
 .debug_info    0x0000000000002dfe       0x92 ../gyrosco_bsp/\libhal_bsp.a(alt_icache_flush_all.o)
 .debug_info    0x0000000000002e90      0x4a5 ../gyrosco_bsp/\libhal_bsp.a(alt_io_redirect.o)
 .debug_info    0x0000000000003335      0x329 ../gyrosco_bsp/\libhal_bsp.a(alt_irq_register.o)
 .debug_info    0x000000000000365e       0x88 ../gyrosco_bsp/\libhal_bsp.a(alt_irq_vars.o)
 .debug_info    0x00000000000036e6      0x3bb ../gyrosco_bsp/\libhal_bsp.a(alt_open.o)
 .debug_info    0x0000000000003aa1      0x2b0 ../gyrosco_bsp/\libhal_bsp.a(alt_release_fd.o)
 .debug_info    0x0000000000003d51      0x2af ../gyrosco_bsp/\libhal_bsp.a(alt_tick.o)
 .debug_info    0x0000000000004000       0xb8 ../gyrosco_bsp/\libhal_bsp.a(altera_nios2_gen2_irq.o)
 .debug_info    0x00000000000040b8      0x2e6 ../gyrosco_bsp/\libhal_bsp.a(alt_find_file.o)
 .debug_info    0x000000000000439e      0x310 ../gyrosco_bsp/\libhal_bsp.a(alt_get_fd.o)
 .debug_info    0x00000000000046ae       0xdc ../gyrosco_bsp/\libhal_bsp.a(alt_icache_flush.o)
 .debug_info    0x000000000000478a       0x5c ../gyrosco_bsp/\libhal_bsp.a(alt_irq_entry.o)
 .debug_info    0x00000000000047e6      0x1a7 ../gyrosco_bsp/\libhal_bsp.a(alt_irq_handler.o)
 .debug_info    0x000000000000498d       0x62 ../gyrosco_bsp/\libhal_bsp.a(alt_exception_entry.o)
 .debug_info    0x00000000000049ef      0x1e7 ../gyrosco_bsp/\libhal_bsp.a(alt_instruction_exception_entry.o)
 .debug_info    0x0000000000004bd6       0xfe c:/intelfpga/18.1/nios2eds/bin/gnu/h-x86_64-mingw32/bin/../lib/gcc/nios2-elf/5.3.0/../../../../../H-x86_64-mingw32/nios2-elf/lib\libsmallc.a(lib_a-atexit.o)
 .debug_info    0x0000000000004cd4       0xe5 c:/intelfpga/18.1/nios2eds/bin/gnu/h-x86_64-mingw32/bin/../lib/gcc/nios2-elf/5.3.0/../../../../../H-x86_64-mingw32/nios2-elf/lib\libsmallc.a(lib_a-exit.o)
 .debug_info    0x0000000000004db9       0x8a c:/intelfpga/18.1/nios2eds/bin/gnu/h-x86_64-mingw32/bin/../lib/gcc/nios2-elf/5.3.0/../../../../../H-x86_64-mingw32/nios2-elf/lib\libsmallc.a(lib_a-int_errno.o)
 .debug_info    0x0000000000004e43       0xf4 c:/intelfpga/18.1/nios2eds/bin/gnu/h-x86_64-mingw32/bin/../lib/gcc/nios2-elf/5.3.0/../../../../../H-x86_64-mingw32/nios2-elf/lib\libsmallc.a(lib_a-memcmp.o)
 .debug_info    0x0000000000004f37       0xc9 c:/intelfpga/18.1/nios2eds/bin/gnu/h-x86_64-mingw32/bin/../lib/gcc/nios2-elf/5.3.0/../../../../../H-x86_64-mingw32/nios2-elf/lib\libsmallc.a(lib_a-strlen.o)
 .debug_info    0x0000000000005000      0x64a c:/intelfpga/18.1/nios2eds/bin/gnu/h-x86_64-mingw32/bin/../lib/gcc/nios2-elf/5.3.0/../../../../../H-x86_64-mingw32/nios2-elf/lib\libsmallc.a(lib_a-__atexit.o)
 .debug_info    0x000000000000564a      0x67b c:/intelfpga/18.1/nios2eds/bin/gnu/h-x86_64-mingw32/bin/../lib/gcc/nios2-elf/5.3.0/../../../../../H-x86_64-mingw32/nios2-elf/lib\libsmallc.a(lib_a-__call_atexit.o)
 .debug_info    0x0000000000005cc5      0x5a9 c:/intelfpga/18.1/nios2eds/bin/gnu/h-x86_64-mingw32/bin/../lib/gcc/nios2-elf/5.3.0/../../../../../H-x86_64-mingw32/nios2-elf/lib\libsmallc.a(lib_a-impure.o)
 .debug_info    0x000000000000626e      0x116 ../gyrosco_bsp/\libhal_bsp.a(alt_exit.o)

.debug_abbrev   0x0000000000000000     0x2425
 *(.debug_abbrev)
 .debug_abbrev  0x0000000000000000       0x12 ../gyrosco_bsp//obj/HAL/src/crt0.o
 .debug_abbrev  0x0000000000000012      0x19a obj/default/gyro.o
 .debug_abbrev  0x00000000000001ac      0x10e c:/intelfpga/18.1/nios2eds/bin/gnu/h-x86_64-mingw32/bin/../lib/gcc/nios2-elf/5.3.0\libgcc.a(lib2-divmod.o)
 .debug_abbrev  0x00000000000002ba       0x9f ../gyrosco_bsp/\libhal_bsp.a(alt_load.o)
 .debug_abbrev  0x0000000000000359       0xc1 ../gyrosco_bsp/\libhal_bsp.a(alt_main.o)
 .debug_abbrev  0x000000000000041a      0x157 ../gyrosco_bsp/\libhal_bsp.a(alt_sys_init.o)
 .debug_abbrev  0x0000000000000571       0xf7 ../gyrosco_bsp/\libhal_bsp.a(altera_avalon_jtag_uart_fd.o)
 .debug_abbrev  0x0000000000000668       0xd5 ../gyrosco_bsp/\libhal_bsp.a(altera_avalon_jtag_uart_read.o)
 .debug_abbrev  0x000000000000073d       0xd5 ../gyrosco_bsp/\libhal_bsp.a(altera_avalon_jtag_uart_write.o)
 .debug_abbrev  0x0000000000000812      0x155 ../gyrosco_bsp/\libhal_bsp.a(altera_avalon_timer_sc.o)
 .debug_abbrev  0x0000000000000967       0xfd ../gyrosco_bsp/\libhal_bsp.a(altera_up_avalon_accelerometer_spi.o)
 .debug_abbrev  0x0000000000000a64      0x11f ../gyrosco_bsp/\libhal_bsp.a(alt_close.o)
 .debug_abbrev  0x0000000000000b83       0x42 ../gyrosco_bsp/\libhal_bsp.a(alt_dcache_flush_all.o)
 .debug_abbrev  0x0000000000000bc5       0xd9 ../gyrosco_bsp/\libhal_bsp.a(alt_dev.o)
 .debug_abbrev  0x0000000000000c9e      0x114 ../gyrosco_bsp/\libhal_bsp.a(alt_dev_llist_insert.o)
 .debug_abbrev  0x0000000000000db2       0x79 ../gyrosco_bsp/\libhal_bsp.a(alt_do_ctors.o)
 .debug_abbrev  0x0000000000000e2b       0x79 ../gyrosco_bsp/\libhal_bsp.a(alt_do_dtors.o)
 .debug_abbrev  0x0000000000000ea4       0x5a ../gyrosco_bsp/\libhal_bsp.a(alt_errno.o)
 .debug_abbrev  0x0000000000000efe       0xf0 ../gyrosco_bsp/\libhal_bsp.a(alt_find_dev.o)
 .debug_abbrev  0x0000000000000fee       0x42 ../gyrosco_bsp/\libhal_bsp.a(alt_icache_flush_all.o)
 .debug_abbrev  0x0000000000001030      0x114 ../gyrosco_bsp/\libhal_bsp.a(alt_io_redirect.o)
 .debug_abbrev  0x0000000000001144      0x186 ../gyrosco_bsp/\libhal_bsp.a(alt_irq_register.o)
 .debug_abbrev  0x00000000000012ca       0x40 ../gyrosco_bsp/\libhal_bsp.a(alt_irq_vars.o)
 .debug_abbrev  0x000000000000130a      0x148 ../gyrosco_bsp/\libhal_bsp.a(alt_open.o)
 .debug_abbrev  0x0000000000001452       0xde ../gyrosco_bsp/\libhal_bsp.a(alt_release_fd.o)
 .debug_abbrev  0x0000000000001530      0x16b ../gyrosco_bsp/\libhal_bsp.a(alt_tick.o)
 .debug_abbrev  0x000000000000169b       0x67 ../gyrosco_bsp/\libhal_bsp.a(altera_nios2_gen2_irq.o)
 .debug_abbrev  0x0000000000001702       0xf0 ../gyrosco_bsp/\libhal_bsp.a(alt_find_file.o)
 .debug_abbrev  0x00000000000017f2      0x10d ../gyrosco_bsp/\libhal_bsp.a(alt_get_fd.o)
 .debug_abbrev  0x00000000000018ff       0x8c ../gyrosco_bsp/\libhal_bsp.a(alt_icache_flush.o)
 .debug_abbrev  0x000000000000198b       0x12 ../gyrosco_bsp/\libhal_bsp.a(alt_irq_entry.o)
 .debug_abbrev  0x000000000000199d      0x13a ../gyrosco_bsp/\libhal_bsp.a(alt_irq_handler.o)
 .debug_abbrev  0x0000000000001ad7       0x12 ../gyrosco_bsp/\libhal_bsp.a(alt_exception_entry.o)
 .debug_abbrev  0x0000000000001ae9       0xdc ../gyrosco_bsp/\libhal_bsp.a(alt_instruction_exception_entry.o)
 .debug_abbrev  0x0000000000001bc5       0xaa c:/intelfpga/18.1/nios2eds/bin/gnu/h-x86_64-mingw32/bin/../lib/gcc/nios2-elf/5.3.0/../../../../../H-x86_64-mingw32/nios2-elf/lib\libsmallc.a(lib_a-atexit.o)
 .debug_abbrev  0x0000000000001c6f       0x8b c:/intelfpga/18.1/nios2eds/bin/gnu/h-x86_64-mingw32/bin/../lib/gcc/nios2-elf/5.3.0/../../../../../H-x86_64-mingw32/nios2-elf/lib\libsmallc.a(lib_a-exit.o)
 .debug_abbrev  0x0000000000001cfa       0x37 c:/intelfpga/18.1/nios2eds/bin/gnu/h-x86_64-mingw32/bin/../lib/gcc/nios2-elf/5.3.0/../../../../../H-x86_64-mingw32/nios2-elf/lib\libsmallc.a(lib_a-int_errno.o)
 .debug_abbrev  0x0000000000001d31       0x7f c:/intelfpga/18.1/nios2eds/bin/gnu/h-x86_64-mingw32/bin/../lib/gcc/nios2-elf/5.3.0/../../../../../H-x86_64-mingw32/nios2-elf/lib\libsmallc.a(lib_a-memcmp.o)
 .debug_abbrev  0x0000000000001db0       0x7f c:/intelfpga/18.1/nios2eds/bin/gnu/h-x86_64-mingw32/bin/../lib/gcc/nios2-elf/5.3.0/../../../../../H-x86_64-mingw32/nios2-elf/lib\libsmallc.a(lib_a-strlen.o)
 .debug_abbrev  0x0000000000001e2f      0x1e6 c:/intelfpga/18.1/nios2eds/bin/gnu/h-x86_64-mingw32/bin/../lib/gcc/nios2-elf/5.3.0/../../../../../H-x86_64-mingw32/nios2-elf/lib\libsmallc.a(lib_a-__atexit.o)
 .debug_abbrev  0x0000000000002015      0x1f6 c:/intelfpga/18.1/nios2eds/bin/gnu/h-x86_64-mingw32/bin/../lib/gcc/nios2-elf/5.3.0/../../../../../H-x86_64-mingw32/nios2-elf/lib\libsmallc.a(lib_a-__call_atexit.o)
 .debug_abbrev  0x000000000000220b      0x14a c:/intelfpga/18.1/nios2eds/bin/gnu/h-x86_64-mingw32/bin/../lib/gcc/nios2-elf/5.3.0/../../../../../H-x86_64-mingw32/nios2-elf/lib\libsmallc.a(lib_a-impure.o)
 .debug_abbrev  0x0000000000002355       0xd0 ../gyrosco_bsp/\libhal_bsp.a(alt_exit.o)

.debug_line     0x0000000000000000     0x28e8
 *(.debug_line)
 .debug_line    0x0000000000000000       0x6c ../gyrosco_bsp//obj/HAL/src/crt0.o
 .debug_line    0x000000000000006c      0x2fd obj/default/gyro.o
 .debug_line    0x0000000000000369      0x102 c:/intelfpga/18.1/nios2eds/bin/gnu/h-x86_64-mingw32/bin/../lib/gcc/nios2-elf/5.3.0\libgcc.a(lib2-divmod.o)
 .debug_line    0x000000000000046b       0x8e ../gyrosco_bsp/\libhal_bsp.a(alt_load.o)
 .debug_line    0x00000000000004f9       0xd1 ../gyrosco_bsp/\libhal_bsp.a(alt_main.o)
 .debug_line    0x00000000000005ca      0x17f ../gyrosco_bsp/\libhal_bsp.a(alt_sys_init.o)
 .debug_line    0x0000000000000749      0x112 ../gyrosco_bsp/\libhal_bsp.a(altera_avalon_jtag_uart_fd.o)
 .debug_line    0x000000000000085b      0x111 ../gyrosco_bsp/\libhal_bsp.a(altera_avalon_jtag_uart_read.o)
 .debug_line    0x000000000000096c      0x108 ../gyrosco_bsp/\libhal_bsp.a(altera_avalon_jtag_uart_write.o)
 .debug_line    0x0000000000000a74      0x113 ../gyrosco_bsp/\libhal_bsp.a(altera_avalon_timer_sc.o)
 .debug_line    0x0000000000000b87      0x14d ../gyrosco_bsp/\libhal_bsp.a(altera_up_avalon_accelerometer_spi.o)
 .debug_line    0x0000000000000cd4      0x160 ../gyrosco_bsp/\libhal_bsp.a(alt_close.o)
 .debug_line    0x0000000000000e34       0x51 ../gyrosco_bsp/\libhal_bsp.a(alt_dcache_flush_all.o)
 .debug_line    0x0000000000000e85       0xf3 ../gyrosco_bsp/\libhal_bsp.a(alt_dev.o)
 .debug_line    0x0000000000000f78       0xcf ../gyrosco_bsp/\libhal_bsp.a(alt_dev_llist_insert.o)
 .debug_line    0x0000000000001047       0x59 ../gyrosco_bsp/\libhal_bsp.a(alt_do_ctors.o)
 .debug_line    0x00000000000010a0       0x59 ../gyrosco_bsp/\libhal_bsp.a(alt_do_dtors.o)
 .debug_line    0x00000000000010f9       0x51 ../gyrosco_bsp/\libhal_bsp.a(alt_errno.o)
 .debug_line    0x000000000000114a       0xb5 ../gyrosco_bsp/\libhal_bsp.a(alt_find_dev.o)
 .debug_line    0x00000000000011ff       0x50 ../gyrosco_bsp/\libhal_bsp.a(alt_icache_flush_all.o)
 .debug_line    0x000000000000124f      0x12e ../gyrosco_bsp/\libhal_bsp.a(alt_io_redirect.o)
 .debug_line    0x000000000000137d      0x155 ../gyrosco_bsp/\libhal_bsp.a(alt_irq_register.o)
 .debug_line    0x00000000000014d2       0x50 ../gyrosco_bsp/\libhal_bsp.a(alt_irq_vars.o)
 .debug_line    0x0000000000001522      0x128 ../gyrosco_bsp/\libhal_bsp.a(alt_open.o)
 .debug_line    0x000000000000164a       0xae ../gyrosco_bsp/\libhal_bsp.a(alt_release_fd.o)
 .debug_line    0x00000000000016f8      0x113 ../gyrosco_bsp/\libhal_bsp.a(alt_tick.o)
 .debug_line    0x000000000000180b       0x8d ../gyrosco_bsp/\libhal_bsp.a(altera_nios2_gen2_irq.o)
 .debug_line    0x0000000000001898       0xd1 ../gyrosco_bsp/\libhal_bsp.a(alt_find_file.o)
 .debug_line    0x0000000000001969       0xd4 ../gyrosco_bsp/\libhal_bsp.a(alt_get_fd.o)
 .debug_line    0x0000000000001a3d       0x81 ../gyrosco_bsp/\libhal_bsp.a(alt_icache_flush.o)
 .debug_line    0x0000000000001abe       0x6b ../gyrosco_bsp/\libhal_bsp.a(alt_irq_entry.o)
 .debug_line    0x0000000000001b29       0xcd ../gyrosco_bsp/\libhal_bsp.a(alt_irq_handler.o)
 .debug_line    0x0000000000001bf6       0xb3 ../gyrosco_bsp/\libhal_bsp.a(alt_exception_entry.o)
 .debug_line    0x0000000000001ca9       0xba ../gyrosco_bsp/\libhal_bsp.a(alt_instruction_exception_entry.o)
 .debug_line    0x0000000000001d63       0xe4 c:/intelfpga/18.1/nios2eds/bin/gnu/h-x86_64-mingw32/bin/../lib/gcc/nios2-elf/5.3.0/../../../../../H-x86_64-mingw32/nios2-elf/lib\libsmallc.a(lib_a-atexit.o)
 .debug_line    0x0000000000001e47      0x156 c:/intelfpga/18.1/nios2eds/bin/gnu/h-x86_64-mingw32/bin/../lib/gcc/nios2-elf/5.3.0/../../../../../H-x86_64-mingw32/nios2-elf/lib\libsmallc.a(lib_a-exit.o)
 .debug_line    0x0000000000001f9d       0x5c c:/intelfpga/18.1/nios2eds/bin/gnu/h-x86_64-mingw32/bin/../lib/gcc/nios2-elf/5.3.0/../../../../../H-x86_64-mingw32/nios2-elf/lib\libsmallc.a(lib_a-int_errno.o)
 .debug_line    0x0000000000001ff9      0x15d c:/intelfpga/18.1/nios2eds/bin/gnu/h-x86_64-mingw32/bin/../lib/gcc/nios2-elf/5.3.0/../../../../../H-x86_64-mingw32/nios2-elf/lib\libsmallc.a(lib_a-memcmp.o)
 .debug_line    0x0000000000002156      0x159 c:/intelfpga/18.1/nios2eds/bin/gnu/h-x86_64-mingw32/bin/../lib/gcc/nios2-elf/5.3.0/../../../../../H-x86_64-mingw32/nios2-elf/lib\libsmallc.a(lib_a-strlen.o)
 .debug_line    0x00000000000022af      0x20a c:/intelfpga/18.1/nios2eds/bin/gnu/h-x86_64-mingw32/bin/../lib/gcc/nios2-elf/5.3.0/../../../../../H-x86_64-mingw32/nios2-elf/lib\libsmallc.a(lib_a-__atexit.o)
 .debug_line    0x00000000000024b9      0x22f c:/intelfpga/18.1/nios2eds/bin/gnu/h-x86_64-mingw32/bin/../lib/gcc/nios2-elf/5.3.0/../../../../../H-x86_64-mingw32/nios2-elf/lib\libsmallc.a(lib_a-__call_atexit.o)
 .debug_line    0x00000000000026e8      0x153 c:/intelfpga/18.1/nios2eds/bin/gnu/h-x86_64-mingw32/bin/../lib/gcc/nios2-elf/5.3.0/../../../../../H-x86_64-mingw32/nios2-elf/lib\libsmallc.a(lib_a-impure.o)
 .debug_line    0x000000000000283b       0xad ../gyrosco_bsp/\libhal_bsp.a(alt_exit.o)

.debug_frame    0x0000000000000000      0xa88
 *(.debug_frame)
 .debug_frame   0x0000000000000000       0x88 obj/default/gyro.o
 .debug_frame   0x0000000000000088       0x50 c:/intelfpga/18.1/nios2eds/bin/gnu/h-x86_64-mingw32/bin/../lib/gcc/nios2-elf/5.3.0\libgcc.a(lib2-divmod.o)
 .debug_frame   0x00000000000000d8       0x5c ../gyrosco_bsp/\libhal_bsp.a(alt_load.o)
 .debug_frame   0x0000000000000134       0x2c ../gyrosco_bsp/\libhal_bsp.a(alt_main.o)
 .debug_frame   0x0000000000000160       0x88 ../gyrosco_bsp/\libhal_bsp.a(alt_sys_init.o)
 .debug_frame   0x00000000000001e8       0x60 ../gyrosco_bsp/\libhal_bsp.a(altera_avalon_jtag_uart_fd.o)
 .debug_frame   0x0000000000000248       0x34 ../gyrosco_bsp/\libhal_bsp.a(altera_avalon_jtag_uart_read.o)
 .debug_frame   0x000000000000027c       0x34 ../gyrosco_bsp/\libhal_bsp.a(altera_avalon_jtag_uart_write.o)
 .debug_frame   0x00000000000002b0       0x60 ../gyrosco_bsp/\libhal_bsp.a(altera_avalon_timer_sc.o)
 .debug_frame   0x0000000000000310      0x110 ../gyrosco_bsp/\libhal_bsp.a(altera_up_avalon_accelerometer_spi.o)
 .debug_frame   0x0000000000000420       0x60 ../gyrosco_bsp/\libhal_bsp.a(alt_close.o)
 .debug_frame   0x0000000000000480       0x34 ../gyrosco_bsp/\libhal_bsp.a(alt_dcache_flush_all.o)
 .debug_frame   0x00000000000004b4       0x34 ../gyrosco_bsp/\libhal_bsp.a(alt_dev.o)
 .debug_frame   0x00000000000004e8       0x60 ../gyrosco_bsp/\libhal_bsp.a(alt_dev_llist_insert.o)
 .debug_frame   0x0000000000000548       0x38 ../gyrosco_bsp/\libhal_bsp.a(alt_do_ctors.o)
 .debug_frame   0x0000000000000580       0x38 ../gyrosco_bsp/\libhal_bsp.a(alt_do_dtors.o)
 .debug_frame   0x00000000000005b8       0x38 ../gyrosco_bsp/\libhal_bsp.a(alt_find_dev.o)
 .debug_frame   0x00000000000005f0       0x38 ../gyrosco_bsp/\libhal_bsp.a(alt_icache_flush_all.o)
 .debug_frame   0x0000000000000628       0x60 ../gyrosco_bsp/\libhal_bsp.a(alt_io_redirect.o)
 .debug_frame   0x0000000000000688       0x34 ../gyrosco_bsp/\libhal_bsp.a(alt_irq_register.o)
 .debug_frame   0x00000000000006bc       0x84 ../gyrosco_bsp/\libhal_bsp.a(alt_open.o)
 .debug_frame   0x0000000000000740       0x34 ../gyrosco_bsp/\libhal_bsp.a(alt_release_fd.o)
 .debug_frame   0x0000000000000774       0x5c ../gyrosco_bsp/\libhal_bsp.a(alt_tick.o)
 .debug_frame   0x00000000000007d0       0x34 ../gyrosco_bsp/\libhal_bsp.a(altera_nios2_gen2_irq.o)
 .debug_frame   0x0000000000000804       0x38 ../gyrosco_bsp/\libhal_bsp.a(alt_find_file.o)
 .debug_frame   0x000000000000083c       0x34 ../gyrosco_bsp/\libhal_bsp.a(alt_get_fd.o)
 .debug_frame   0x0000000000000870       0x34 ../gyrosco_bsp/\libhal_bsp.a(alt_icache_flush.o)
 .debug_frame   0x00000000000008a4       0x38 ../gyrosco_bsp/\libhal_bsp.a(alt_irq_handler.o)
 .debug_frame   0x00000000000008dc       0x5c ../gyrosco_bsp/\libhal_bsp.a(alt_instruction_exception_entry.o)
 .debug_frame   0x0000000000000938       0x20 c:/intelfpga/18.1/nios2eds/bin/gnu/h-x86_64-mingw32/bin/../lib/gcc/nios2-elf/5.3.0/../../../../../H-x86_64-mingw32/nios2-elf/lib\libsmallc.a(lib_a-atexit.o)
 .debug_frame   0x0000000000000958       0x28 c:/intelfpga/18.1/nios2eds/bin/gnu/h-x86_64-mingw32/bin/../lib/gcc/nios2-elf/5.3.0/../../../../../H-x86_64-mingw32/nios2-elf/lib\libsmallc.a(lib_a-exit.o)
 .debug_frame   0x0000000000000980       0x20 c:/intelfpga/18.1/nios2eds/bin/gnu/h-x86_64-mingw32/bin/../lib/gcc/nios2-elf/5.3.0/../../../../../H-x86_64-mingw32/nios2-elf/lib\libsmallc.a(lib_a-memcmp.o)
 .debug_frame   0x00000000000009a0       0x20 c:/intelfpga/18.1/nios2eds/bin/gnu/h-x86_64-mingw32/bin/../lib/gcc/nios2-elf/5.3.0/../../../../../H-x86_64-mingw32/nios2-elf/lib\libsmallc.a(lib_a-strlen.o)
 .debug_frame   0x00000000000009c0       0x48 c:/intelfpga/18.1/nios2eds/bin/gnu/h-x86_64-mingw32/bin/../lib/gcc/nios2-elf/5.3.0/../../../../../H-x86_64-mingw32/nios2-elf/lib\libsmallc.a(lib_a-__atexit.o)
 .debug_frame   0x0000000000000a08       0x54 c:/intelfpga/18.1/nios2eds/bin/gnu/h-x86_64-mingw32/bin/../lib/gcc/nios2-elf/5.3.0/../../../../../H-x86_64-mingw32/nios2-elf/lib\libsmallc.a(lib_a-__call_atexit.o)
 .debug_frame   0x0000000000000a5c       0x2c ../gyrosco_bsp/\libhal_bsp.a(alt_exit.o)

.debug_str      0x0000000000000000     0x1bd0
 *(.debug_str)
 .debug_str     0x0000000000000000      0x397 obj/default/gyro.o
                                        0x406 (size before relaxing)
 .debug_str     0x0000000000000397      0x16d c:/intelfpga/18.1/nios2eds/bin/gnu/h-x86_64-mingw32/bin/../lib/gcc/nios2-elf/5.3.0\libgcc.a(lib2-divmod.o)
                                        0x1b8 (size before relaxing)
 .debug_str     0x0000000000000504      0x108 ../gyrosco_bsp/\libhal_bsp.a(alt_load.o)
                                        0x1f4 (size before relaxing)
 .debug_str     0x000000000000060c       0x44 ../gyrosco_bsp/\libhal_bsp.a(alt_main.o)
                                        0x1a8 (size before relaxing)
 .debug_str     0x0000000000000650      0x14c ../gyrosco_bsp/\libhal_bsp.a(alt_sys_init.o)
                                        0x340 (size before relaxing)
 .debug_str     0x000000000000079c       0x77 ../gyrosco_bsp/\libhal_bsp.a(altera_avalon_jtag_uart_fd.o)
                                        0x2b7 (size before relaxing)
 .debug_str     0x0000000000000813       0x48 ../gyrosco_bsp/\libhal_bsp.a(altera_avalon_jtag_uart_read.o)
                                        0x222 (size before relaxing)
 .debug_str     0x000000000000085b       0x4a ../gyrosco_bsp/\libhal_bsp.a(altera_avalon_jtag_uart_write.o)
                                        0x218 (size before relaxing)
 .debug_str     0x00000000000008a5       0xb6 ../gyrosco_bsp/\libhal_bsp.a(altera_avalon_timer_sc.o)
                                        0x24e (size before relaxing)
 .debug_str     0x000000000000095b      0x138 ../gyrosco_bsp/\libhal_bsp.a(altera_up_avalon_accelerometer_spi.o)
                                        0x323 (size before relaxing)
 .debug_str     0x0000000000000a93       0x44 ../gyrosco_bsp/\libhal_bsp.a(alt_close.o)
                                        0x1ed (size before relaxing)
 .debug_str     0x0000000000000ad7       0x34 ../gyrosco_bsp/\libhal_bsp.a(alt_dcache_flush_all.o)
                                        0x137 (size before relaxing)
 .debug_str     0x0000000000000b0b      0x119 ../gyrosco_bsp/\libhal_bsp.a(alt_dev.o)
                                        0x2e7 (size before relaxing)
 .debug_str     0x0000000000000c24       0x45 ../gyrosco_bsp/\libhal_bsp.a(alt_dev_llist_insert.o)
                                        0x1ae (size before relaxing)
 .debug_str     0x0000000000000c69       0x48 ../gyrosco_bsp/\libhal_bsp.a(alt_do_ctors.o)
                                         0xb2 (size before relaxing)
 .debug_str     0x0000000000000cb1       0x4c ../gyrosco_bsp/\libhal_bsp.a(alt_do_dtors.o)
                                         0xb1 (size before relaxing)
 .debug_str     0x0000000000000cfd       0x14 ../gyrosco_bsp/\libhal_bsp.a(alt_errno.o)
                                        0x127 (size before relaxing)
 .debug_str     0x0000000000000d11       0x24 ../gyrosco_bsp/\libhal_bsp.a(alt_find_dev.o)
                                        0x1ce (size before relaxing)
 .debug_str     0x0000000000000d35       0x34 ../gyrosco_bsp/\libhal_bsp.a(alt_icache_flush_all.o)
                                        0x137 (size before relaxing)
 .debug_str     0x0000000000000d69       0x56 ../gyrosco_bsp/\libhal_bsp.a(alt_io_redirect.o)
                                        0x2f8 (size before relaxing)
 .debug_str     0x0000000000000dbf       0x77 ../gyrosco_bsp/\libhal_bsp.a(alt_irq_register.o)
                                        0x1ea (size before relaxing)
 .debug_str     0x0000000000000e36       0x17 ../gyrosco_bsp/\libhal_bsp.a(alt_irq_vars.o)
                                        0x11c (size before relaxing)
 .debug_str     0x0000000000000e4d       0x29 ../gyrosco_bsp/\libhal_bsp.a(alt_open.o)
                                        0x22d (size before relaxing)
 .debug_str     0x0000000000000e76       0x28 ../gyrosco_bsp/\libhal_bsp.a(alt_release_fd.o)
                                        0x1b5 (size before relaxing)
 .debug_str     0x0000000000000e9e       0x78 ../gyrosco_bsp/\libhal_bsp.a(alt_tick.o)
                                        0x255 (size before relaxing)
 .debug_str     0x0000000000000f16       0x3b ../gyrosco_bsp/\libhal_bsp.a(altera_nios2_gen2_irq.o)
                                        0x167 (size before relaxing)
 .debug_str     0x0000000000000f51       0x26 ../gyrosco_bsp/\libhal_bsp.a(alt_find_file.o)
                                        0x1dc (size before relaxing)
 .debug_str     0x0000000000000f77       0x30 ../gyrosco_bsp/\libhal_bsp.a(alt_get_fd.o)
                                        0x1fe (size before relaxing)
 .debug_str     0x0000000000000fa7       0x2c ../gyrosco_bsp/\libhal_bsp.a(alt_icache_flush.o)
                                        0x13d (size before relaxing)
 .debug_str     0x0000000000000fd3       0x3a ../gyrosco_bsp/\libhal_bsp.a(alt_irq_handler.o)
                                        0x19a (size before relaxing)
 .debug_str     0x000000000000100d      0x48b ../gyrosco_bsp/\libhal_bsp.a(alt_instruction_exception_entry.o)
                                        0x582 (size before relaxing)
 .debug_str     0x0000000000001498      0x15d c:/intelfpga/18.1/nios2eds/bin/gnu/h-x86_64-mingw32/bin/../lib/gcc/nios2-elf/5.3.0/../../../../../H-x86_64-mingw32/nios2-elf/lib\libsmallc.a(lib_a-atexit.o)
                                        0x202 (size before relaxing)
 .debug_str     0x00000000000015f5       0x49 c:/intelfpga/18.1/nios2eds/bin/gnu/h-x86_64-mingw32/bin/../lib/gcc/nios2-elf/5.3.0/../../../../../H-x86_64-mingw32/nios2-elf/lib\libsmallc.a(lib_a-exit.o)
                                        0x1d6 (size before relaxing)
 .debug_str     0x000000000000163e       0xc5 c:/intelfpga/18.1/nios2eds/bin/gnu/h-x86_64-mingw32/bin/../lib/gcc/nios2-elf/5.3.0/../../../../../H-x86_64-mingw32/nios2-elf/lib\libsmallc.a(lib_a-int_errno.o)
                                        0x1be (size before relaxing)
 .debug_str     0x0000000000001703       0xd2 c:/intelfpga/18.1/nios2eds/bin/gnu/h-x86_64-mingw32/bin/../lib/gcc/nios2-elf/5.3.0/../../../../../H-x86_64-mingw32/nios2-elf/lib\libsmallc.a(lib_a-memcmp.o)
                                        0x1c5 (size before relaxing)
 .debug_str     0x00000000000017d5       0x41 c:/intelfpga/18.1/nios2eds/bin/gnu/h-x86_64-mingw32/bin/../lib/gcc/nios2-elf/5.3.0/../../../../../H-x86_64-mingw32/nios2-elf/lib\libsmallc.a(lib_a-strlen.o)
                                        0x1cb (size before relaxing)
 .debug_str     0x0000000000001816      0x2e9 c:/intelfpga/18.1/nios2eds/bin/gnu/h-x86_64-mingw32/bin/../lib/gcc/nios2-elf/5.3.0/../../../../../H-x86_64-mingw32/nios2-elf/lib\libsmallc.a(lib_a-__atexit.o)
                                        0x4e5 (size before relaxing)
 .debug_str     0x0000000000001aff       0x62 c:/intelfpga/18.1/nios2eds/bin/gnu/h-x86_64-mingw32/bin/../lib/gcc/nios2-elf/5.3.0/../../../../../H-x86_64-mingw32/nios2-elf/lib\libsmallc.a(lib_a-__call_atexit.o)
                                        0x4d1 (size before relaxing)
 .debug_str     0x0000000000001b61       0x45 c:/intelfpga/18.1/nios2eds/bin/gnu/h-x86_64-mingw32/bin/../lib/gcc/nios2-elf/5.3.0/../../../../../H-x86_64-mingw32/nios2-elf/lib\libsmallc.a(lib_a-impure.o)
                                        0x4a4 (size before relaxing)
 .debug_str     0x0000000000001ba6       0x2a ../gyrosco_bsp/\libhal_bsp.a(alt_exit.o)
                                        0x15c (size before relaxing)

.debug_loc      0x0000000000000000      0x8e1
 *(.debug_loc)
 .debug_loc     0x0000000000000000      0x4ce c:/intelfpga/18.1/nios2eds/bin/gnu/h-x86_64-mingw32/bin/../lib/gcc/nios2-elf/5.3.0\libgcc.a(lib2-divmod.o)
 .debug_loc     0x00000000000004ce       0x2c c:/intelfpga/18.1/nios2eds/bin/gnu/h-x86_64-mingw32/bin/../lib/gcc/nios2-elf/5.3.0/../../../../../H-x86_64-mingw32/nios2-elf/lib\libsmallc.a(lib_a-atexit.o)
 .debug_loc     0x00000000000004fa       0x1e c:/intelfpga/18.1/nios2eds/bin/gnu/h-x86_64-mingw32/bin/../lib/gcc/nios2-elf/5.3.0/../../../../../H-x86_64-mingw32/nios2-elf/lib\libsmallc.a(lib_a-exit.o)
 .debug_loc     0x0000000000000518       0x94 c:/intelfpga/18.1/nios2eds/bin/gnu/h-x86_64-mingw32/bin/../lib/gcc/nios2-elf/5.3.0/../../../../../H-x86_64-mingw32/nios2-elf/lib\libsmallc.a(lib_a-memcmp.o)
 .debug_loc     0x00000000000005ac       0x1e c:/intelfpga/18.1/nios2eds/bin/gnu/h-x86_64-mingw32/bin/../lib/gcc/nios2-elf/5.3.0/../../../../../H-x86_64-mingw32/nios2-elf/lib\libsmallc.a(lib_a-strlen.o)
 .debug_loc     0x00000000000005ca      0x1c0 c:/intelfpga/18.1/nios2eds/bin/gnu/h-x86_64-mingw32/bin/../lib/gcc/nios2-elf/5.3.0/../../../../../H-x86_64-mingw32/nios2-elf/lib\libsmallc.a(lib_a-__atexit.o)
 .debug_loc     0x000000000000078a      0x157 c:/intelfpga/18.1/nios2eds/bin/gnu/h-x86_64-mingw32/bin/../lib/gcc/nios2-elf/5.3.0/../../../../../H-x86_64-mingw32/nios2-elf/lib\libsmallc.a(lib_a-__call_atexit.o)

.debug_macinfo
 *(.debug_macinfo)

.debug_weaknames
 *(.debug_weaknames)

.debug_funcnames
 *(.debug_funcnames)

.debug_typenames
 *(.debug_typenames)

.debug_varnames
 *(.debug_varnames)

.debug_alt_sim_info
                0x0000000000000000       0x20
 *(.debug_alt_sim_info)
 .debug_alt_sim_info
                0x0000000000000000       0x20 ../gyrosco_bsp//obj/HAL/src/crt0.o
                0x000000000001a000                __alt_data_end = 0x1a000
                0x000000000001a000                PROVIDE (__alt_stack_pointer, __alt_data_end)
                [!provide]                        PROVIDE (__alt_stack_limit, __alt_stack_base)
                [!provide]                        PROVIDE (__alt_heap_start, end)
                [!provide]                        PROVIDE (__alt_heap_limit, 0x1a000)
OUTPUT(gyrosco.elf elf32-littlenios2)

.debug_ranges   0x0000000000000000      0x190
 .debug_ranges  0x0000000000000000       0x20 ../gyrosco_bsp//obj/HAL/src/crt0.o
 .debug_ranges  0x0000000000000020       0x60 c:/intelfpga/18.1/nios2eds/bin/gnu/h-x86_64-mingw32/bin/../lib/gcc/nios2-elf/5.3.0\libgcc.a(lib2-divmod.o)
 .debug_ranges  0x0000000000000080       0x18 ../gyrosco_bsp/\libhal_bsp.a(altera_avalon_jtag_uart_read.o)
 .debug_ranges  0x0000000000000098       0x28 ../gyrosco_bsp/\libhal_bsp.a(alt_irq_entry.o)
 .debug_ranges  0x00000000000000c0       0x10 ../gyrosco_bsp/\libhal_bsp.a(alt_irq_handler.o)
 .debug_ranges  0x00000000000000d0       0x30 ../gyrosco_bsp/\libhal_bsp.a(alt_exception_entry.o)
 .debug_ranges  0x0000000000000100       0x18 ../gyrosco_bsp/\libhal_bsp.a(alt_instruction_exception_entry.o)
 .debug_ranges  0x0000000000000118       0x10 c:/intelfpga/18.1/nios2eds/bin/gnu/h-x86_64-mingw32/bin/../lib/gcc/nios2-elf/5.3.0/../../../../../H-x86_64-mingw32/nios2-elf/lib\libsmallc.a(lib_a-atexit.o)
 .debug_ranges  0x0000000000000128       0x10 c:/intelfpga/18.1/nios2eds/bin/gnu/h-x86_64-mingw32/bin/../lib/gcc/nios2-elf/5.3.0/../../../../../H-x86_64-mingw32/nios2-elf/lib\libsmallc.a(lib_a-exit.o)
 .debug_ranges  0x0000000000000138       0x10 c:/intelfpga/18.1/nios2eds/bin/gnu/h-x86_64-mingw32/bin/../lib/gcc/nios2-elf/5.3.0/../../../../../H-x86_64-mingw32/nios2-elf/lib\libsmallc.a(lib_a-memcmp.o)
 .debug_ranges  0x0000000000000148       0x10 c:/intelfpga/18.1/nios2eds/bin/gnu/h-x86_64-mingw32/bin/../lib/gcc/nios2-elf/5.3.0/../../../../../H-x86_64-mingw32/nios2-elf/lib\libsmallc.a(lib_a-strlen.o)
 .debug_ranges  0x0000000000000158       0x10 c:/intelfpga/18.1/nios2eds/bin/gnu/h-x86_64-mingw32/bin/../lib/gcc/nios2-elf/5.3.0/../../../../../H-x86_64-mingw32/nios2-elf/lib\libsmallc.a(lib_a-__atexit.o)
 .debug_ranges  0x0000000000000168       0x28 c:/intelfpga/18.1/nios2eds/bin/gnu/h-x86_64-mingw32/bin/../lib/gcc/nios2-elf/5.3.0/../../../../../H-x86_64-mingw32/nios2-elf/lib\libsmallc.a(lib_a-__call_atexit.o)
